******************************************************************************
                  TI ARM Linker PC v18.1.1                     
******************************************************************************
>> Linked Sun Apr  8 20:50:03 2018

OUTPUT FILE NAME:   <Problem_1.out>
ENTRY POINT SYMBOL: "_c_int00_noargs"  address: 00000d8d


MEMORY CONFIGURATION

         name            origin    length      used     unused   attr    fill
----------------------  --------  ---------  --------  --------  ----  --------
  FLASH                 00000000   00100000  0000123a  000fedc6  R  X
  SRAM                  20000000   00040000  00000209  0003fdf7  RW X


SEGMENT ALLOCATION MAP

run origin  load origin   length   init length attrs members
----------  ----------- ---------- ----------- ----- -------
00000000    00000000    00001240   00001240    r-x
  00000000    00000000    00000208   00000208    r-- .intvecs
  00000208    00000208    00000cee   00000cee    r-x .text
  00000ef8    00000ef8    00000314   00000314    r-- .const
  00001210    00001210    00000030   00000030    r-- .cinit
20000000    20000000    0000020c   00000000    rw-
  20000000    20000000    00000200   00000000    rw- .stack
  20000200    20000200    00000005   00000000    rw- .data
  20000208    20000208    00000004   00000000    rw- .bss


SECTION ALLOCATION MAP

 output                                  attributes/
section   page    origin      length       input sections
--------  ----  ----------  ----------   ----------------
.intvecs   0    00000000    00000208     
                  00000000    00000208     tm4c1294ncpdt_startup_ccs.obj (.intvecs)

.text      0    00000208    00000cee     
                  00000208    0000049c     uartstdio.obj (.text)
                  000006a4    00000200     driverlib.lib : sysctl.obj (.text:SysCtlClockFreqSet)
                  000008a4    00000132                   : gpio.obj (.text:GPIOPadConfigSet)
                  000009d6    00000002     rtsv7M4_T_le_v4SPD16_eabi.lib : div0.asm.obj (.text)
                  000009d8    0000011c     problem_1.obj (.text)
                  00000af4    0000009c     rtsv7M4_T_le_v4SPD16_eabi.lib : memcpy_t2.asm.obj (.text)
                  00000b90    00000068                                   : copy_decompress_lzss.c.obj (.text:decompress:lzss:__TI_decompress_lzss)
                  00000bf8    00000048     driverlib.lib : gpio.obj (.text:GPIOPinConfigure)
                  00000c40    00000048                   : sysctl.obj (.text:_SysCtlFrequencyGet)
                  00000c88    00000046                   : uart.obj (.text:UARTConfigSetExpClk)
                  00000cce    00000002     --HOLE-- [fill = 0]
                  00000cd0    00000044     rtsv7M4_T_le_v4SPD16_eabi.lib : autoinit.c.obj (.text:__TI_auto_init_nobinit_nopinit:__TI_auto_init_nobinit_nopinit)
                  00000d14    00000040                                   : u_divt2.asm.obj (.text)
                  00000d54    00000038     driverlib.lib : sysctl.obj (.text:SysCtlPeripheralPresent)
                  00000d8c    00000038     rtsv7M4_T_le_v4SPD16_eabi.lib : boot_cortex_m.c.obj (.text:_c_int00_noargs:_c_int00_noargs)
                  00000dc4    00000034     driverlib.lib : sysctl.obj (.text:SysCtlPeripheralEnable)
                  00000df8    0000002a                   : gpio.obj (.text:GPIODirModeSet)
                  00000e22    00000002     --HOLE-- [fill = 0]
                  00000e24    00000020                   : uart.obj (.text:UARTDisable)
                  00000e44    00000020                   : sysctl.obj (.text:_SysCtlMemTimingGet)
                  00000e64    00000018                   : gpio.obj (.text:GPIOPinTypeGPIOOutput)
                  00000e7c    00000014                   : uart.obj (.text:UARTEnable)
                  00000e90    00000012                   : gpio.obj (.text:GPIOPinTypeUART)
                  00000ea2    00000012     rtsv7M4_T_le_v4SPD16_eabi.lib : copy_zero_init.c.obj (.text:decompress:ZI:__TI_zero_init_nomemset:__TI_zero_init_nomemset)
                  00000eb4    0000000e                                   : copy_decompress_none.c.obj (.text:decompress:none:__TI_decompress_none)
                  00000ec2    0000000c     tm4c1294ncpdt_startup_ccs.obj (.text)
                  00000ece    0000000a     driverlib.lib : uart.obj (.text:UARTCharGet)
                  00000ed8    0000000a                   : uart.obj (.text:UARTCharPut)
                  00000ee2    00000006                   : gpio.obj (.text:GPIOPinWrite)
                  00000ee8    00000006                   : sysctl.obj (.text:SysCtlDelay)
                  00000eee    00000004     rtsv7M4_T_le_v4SPD16_eabi.lib : pre_init.c.obj (.text:_system_pre_init)
                  00000ef2    00000004                                   : exit.c.obj (.text:abort:abort)

.const     0    00000ef8    00000314     
                  00000ef8    000001b0     driverlib.lib : sysctl.obj (.const:g_pppui32XTALtoVCO)
                  000010a8    00000090                   : gpio.obj (.const:g_pui32GPIOBaseAddrs)
                  00001138    0000006c                   : sysctl.obj (.const:g_pui32Xtals)
                  000011a4    00000030                   : sysctl.obj (.const:g_sXTALtoMEMTIM)
                  000011d4    00000012     uartstdio.obj (.const:.string)
                  000011e6    00000002     --HOLE-- [fill = 0]
                  000011e8    0000000c     uartstdio.obj (.const:g_ui32UARTBase)
                  000011f4    0000000c     uartstdio.obj (.const:g_ui32UARTPeriph)
                  00001200    00000008     driverlib.lib : sysctl.obj (.const)
                  00001208    00000004     uartstdio.obj (.const)

.cinit     0    00001210    00000030     
                  00001210    0000000c     (__TI_handler_table)
                  0000121c    00000004     --HOLE-- [fill = 0]
                  00001220    00000008     (.cinit..bss.load) [load image, compression = zero_init]
                  00001228    00000007     (.cinit..data.load) [load image, compression = lzss]
                  0000122f    00000001     --HOLE-- [fill = 0]
                  00001230    00000010     (__TI_cinit_table)

.init_array 
*          0    00000000    00000000     UNINITIALIZED

.data      0    20000200    00000005     UNINITIALIZED
                  20000200    00000005     uartstdio.obj (.data)

.bss       0    20000208    00000004     UNINITIALIZED
                  20000208    00000004     (.common:g_ui32SysClock)

.stack     0    20000000    00000200     UNINITIALIZED
                  20000000    00000004     rtsv7M4_T_le_v4SPD16_eabi.lib : boot_cortex_m.c.obj (.stack)
                  20000004    000001fc     --HOLE--

MODULE SUMMARY

       Module                          code   ro data   rw data
       ------                          ----   -------   -------
    .\
       uartstdio.obj                   1180   46        5      
       tm4c1294ncpdt_startup_ccs.obj   12     520       0      
       problem_1.obj                   284    0         4      
    +--+-------------------------------+------+---------+---------+
       Total:                          1476   566       9      
                                                               
    C:/ti/TivaWare_C_Series-2.1.4.178/driverlib/ccs/Debug/driverlib.lib
       sysctl.obj                      730    596       0      
       gpio.obj                        468    144       0      
       uart.obj                        142    0         0      
    +--+-------------------------------+------+---------+---------+
       Total:                          1340   740       0      
                                                               
    C:\ti\ccsv8\tools\compiler\ti-cgt-arm_18.1.1.LTS\lib\rtsv7M4_T_le_v4SPD16_eabi.lib
       memcpy_t2.asm.obj               156    0         0      
       copy_decompress_lzss.c.obj      104    0         0      
       autoinit.c.obj                  68     0         0      
       u_divt2.asm.obj                 64     0         0      
       boot_cortex_m.c.obj             56     0         0      
       copy_zero_init.c.obj            18     0         0      
       copy_decompress_none.c.obj      14     0         0      
       exit.c.obj                      4      0         0      
       pre_init.c.obj                  4      0         0      
       div0.asm.obj                    2      0         0      
    +--+-------------------------------+------+---------+---------+
       Total:                          490    0         0      
                                                               
       Stack:                          0      0         512    
       Linker Generated:               0      43        0      
    +--+-------------------------------+------+---------+---------+
       Grand Total:                    3306   1349      521    


LINKER GENERATED COPY TABLES

__TI_cinit_table @ 00001230 records: 2, size/record: 8, table size: 16
	.bss: load addr=00001220, load size=00000008 bytes, run addr=20000208, run size=00000004 bytes, compression=zero_init
	.data: load addr=00001228, load size=00000007 bytes, run addr=20000200, run size=00000005 bytes, compression=lzss


LINKER GENERATED HANDLER TABLE

__TI_handler_table @ 00001210 records: 3, size/record: 4, table size: 12
	index: 0, handler: __TI_decompress_lzss
	index: 1, handler: __TI_decompress_none
	index: 2, handler: __TI_zero_init


GLOBAL SYMBOLS: SORTED ALPHABETICALLY BY Name 

address   name                          
-------   ----                          
00000ef3  C$$EXIT                       
00000df9  GPIODirModeSet                
000008a5  GPIOPadConfigSet              
00000bf9  GPIOPinConfigure              
00000e65  GPIOPinTypeGPIOOutput         
00000e91  GPIOPinTypeUART               
00000ee3  GPIOPinWrite                  
000009d9  LED_Initialize                
00000ec3  ResetISR                      
000006a5  SysCtlClockFreqSet            
00000ee9  SysCtlDelay                   
00000dc5  SysCtlPeripheralEnable        
00000d55  SysCtlPeripheralPresent       
00000a01  UART0_Initialize              
00000ecf  UARTCharGet                   
00000ed9  UARTCharPut                   
00000c89  UARTConfigSetExpClk           
00000e25  UARTDisable                   
00000e7d  UARTEnable                    
00000209  UARTStdioConfig               
0000034f  UARTgetc                      
00000295  UARTgets                      
0000066f  UARTprintf                    
00000375  UARTvprintf                   
0000024f  UARTwrite                     
20000200  __STACK_END                   
00000200  __STACK_SIZE                  
20000200  __STACK_TOP                   
00001230  __TI_CINIT_Base               
00001240  __TI_CINIT_Limit              
00001210  __TI_Handler_Table_Base       
0000121c  __TI_Handler_Table_Limit      
00000cd1  __TI_auto_init_nobinit_nopinit
00000b91  __TI_decompress_lzss          
00000eb5  __TI_decompress_none          
ffffffff  __TI_pprof_out_hndl           
ffffffff  __TI_prof_data_size           
ffffffff  __TI_prof_data_start          
00000000  __TI_static_base__            
00000ea3  __TI_zero_init_nomemset       
000009d7  __aeabi_idiv0                 
000009d7  __aeabi_ldiv0                 
00000af5  __aeabi_memcpy                
00000af5  __aeabi_memcpy4               
00000af5  __aeabi_memcpy8               
00000d15  __aeabi_uidiv                 
00000d15  __aeabi_uidivmod              
ffffffff  __binit__                     
ffffffff  __c_args__                    
UNDEFED   __mpu_init                    
20000000  __stack                       
00000d8d  _c_int00_noargs               
UNDEFED   _system_post_cinit            
00000eef  _system_pre_init              
00000ef3  abort                         
ffffffff  binit                         
00000000  g_pfnVectors                  
20000208  g_ui32SysClock                
00000a37  main                          
00000af5  memcpy                        


GLOBAL SYMBOLS: SORTED BY Symbol Address 

address   name                          
-------   ----                          
00000000  __TI_static_base__            
00000000  g_pfnVectors                  
00000200  __STACK_SIZE                  
00000209  UARTStdioConfig               
0000024f  UARTwrite                     
00000295  UARTgets                      
0000034f  UARTgetc                      
00000375  UARTvprintf                   
0000066f  UARTprintf                    
000006a5  SysCtlClockFreqSet            
000008a5  GPIOPadConfigSet              
000009d7  __aeabi_idiv0                 
000009d7  __aeabi_ldiv0                 
000009d9  LED_Initialize                
00000a01  UART0_Initialize              
00000a37  main                          
00000af5  __aeabi_memcpy                
00000af5  __aeabi_memcpy4               
00000af5  __aeabi_memcpy8               
00000af5  memcpy                        
00000b91  __TI_decompress_lzss          
00000bf9  GPIOPinConfigure              
00000c89  UARTConfigSetExpClk           
00000cd1  __TI_auto_init_nobinit_nopinit
00000d15  __aeabi_uidiv                 
00000d15  __aeabi_uidivmod              
00000d55  SysCtlPeripheralPresent       
00000d8d  _c_int00_noargs               
00000dc5  SysCtlPeripheralEnable        
00000df9  GPIODirModeSet                
00000e25  UARTDisable                   
00000e65  GPIOPinTypeGPIOOutput         
00000e7d  UARTEnable                    
00000e91  GPIOPinTypeUART               
00000ea3  __TI_zero_init_nomemset       
00000eb5  __TI_decompress_none          
00000ec3  ResetISR                      
00000ecf  UARTCharGet                   
00000ed9  UARTCharPut                   
00000ee3  GPIOPinWrite                  
00000ee9  SysCtlDelay                   
00000eef  _system_pre_init              
00000ef3  C$$EXIT                       
00000ef3  abort                         
00001210  __TI_Handler_Table_Base       
0000121c  __TI_Handler_Table_Limit      
00001230  __TI_CINIT_Base               
00001240  __TI_CINIT_Limit              
20000000  __stack                       
20000200  __STACK_END                   
20000200  __STACK_TOP                   
20000208  g_ui32SysClock                
ffffffff  __TI_pprof_out_hndl           
ffffffff  __TI_prof_data_size           
ffffffff  __TI_prof_data_start          
ffffffff  __binit__                     
ffffffff  __c_args__                    
ffffffff  binit                         
UNDEFED   __mpu_init                    
UNDEFED   _system_post_cinit            

[60 symbols]
