<?xml version="1.0" encoding="ISO-8859-1" ?>
<link_info>
   <banner>TI ARM Linker PC v18.1.1.LTS</banner>
   <copyright>Copyright (c) 1996-2017 Texas Instruments Incorporated</copyright>
   <link_time>0x5acad593</link_time>
   <link_errors>0x0</link_errors>
   <output_file>Problem_2.out</output_file>
   <entry_point>
      <name>_c_int00_noargs</name>
      <address>0x403d</address>
   </entry_point>
   <input_file_list>
      <input_file id="fl-2">
         <path>.\</path>
         <kind>object</kind>
         <file>problem_2.obj</file>
         <name>problem_2.obj</name>
      </input_file>
      <input_file id="fl-3">
         <path>.\</path>
         <kind>object</kind>
         <file>tm4c1294ncpdt_startup_ccs.obj</file>
         <name>tm4c1294ncpdt_startup_ccs.obj</name>
      </input_file>
      <input_file id="fl-4">
         <path>.\</path>
         <kind>object</kind>
         <file>uartstdio.obj</file>
         <name>uartstdio.obj</name>
      </input_file>
      <input_file id="fl-5">
         <path>.\FreeRTOS\Source\</path>
         <kind>object</kind>
         <file>croutine.obj</file>
         <name>croutine.obj</name>
      </input_file>
      <input_file id="fl-6">
         <path>.\FreeRTOS\Source\</path>
         <kind>object</kind>
         <file>event_groups.obj</file>
         <name>event_groups.obj</name>
      </input_file>
      <input_file id="fl-7">
         <path>.\FreeRTOS\Source\</path>
         <kind>object</kind>
         <file>list.obj</file>
         <name>list.obj</name>
      </input_file>
      <input_file id="fl-8">
         <path>.\FreeRTOS\Source\</path>
         <kind>object</kind>
         <file>queue.obj</file>
         <name>queue.obj</name>
      </input_file>
      <input_file id="fl-9">
         <path>.\FreeRTOS\Source\</path>
         <kind>object</kind>
         <file>stream_buffer.obj</file>
         <name>stream_buffer.obj</name>
      </input_file>
      <input_file id="fl-a">
         <path>.\FreeRTOS\Source\</path>
         <kind>object</kind>
         <file>tasks.obj</file>
         <name>tasks.obj</name>
      </input_file>
      <input_file id="fl-b">
         <path>.\FreeRTOS\Source\</path>
         <kind>object</kind>
         <file>timers.obj</file>
         <name>timers.obj</name>
      </input_file>
      <input_file id="fl-c">
         <path>.\FreeRTOS\Source\portable\CCS\ARM_CM4F\</path>
         <kind>object</kind>
         <file>port.obj</file>
         <name>port.obj</name>
      </input_file>
      <input_file id="fl-d">
         <path>.\FreeRTOS\Source\portable\CCS\ARM_CM4F\</path>
         <kind>object</kind>
         <file>portasm.obj</file>
         <name>portasm.obj</name>
      </input_file>
      <input_file id="fl-e">
         <path>.\FreeRTOS\Source\portable\Common\</path>
         <kind>object</kind>
         <file>mpu_wrappers.obj</file>
         <name>mpu_wrappers.obj</name>
      </input_file>
      <input_file id="fl-f">
         <path>.\FreeRTOS\Source\portable\MemMang\</path>
         <kind>object</kind>
         <file>heap_4.obj</file>
         <name>heap_4.obj</name>
      </input_file>
      <input_file id="fl-14">
         <kind>object</kind>
         <file>&lt;internal&gt;</file>
         <name>&lt;internal&gt;</name>
      </input_file>
      <input_file id="fl-ca">
         <path>C:\ti\ccsv8\tools\compiler\ti-cgt-arm_18.1.1.LTS\lib\</path>
         <kind>archive</kind>
         <file>rtsv7M4_T_le_v4SPD16_eabi.lib</file>
         <name>u_divt2.asm.obj</name>
      </input_file>
      <input_file id="fl-cb">
         <path>C:\ti\ccsv8\tools\compiler\ti-cgt-arm_18.1.1.LTS\lib\</path>
         <kind>archive</kind>
         <file>rtsv7M4_T_le_v4SPD16_eabi.lib</file>
         <name>memcpy_t2.asm.obj</name>
      </input_file>
      <input_file id="fl-cc">
         <path>C:\ti\ccsv8\tools\compiler\ti-cgt-arm_18.1.1.LTS\lib\</path>
         <kind>archive</kind>
         <file>rtsv7M4_T_le_v4SPD16_eabi.lib</file>
         <name>memset_t2.asm.obj</name>
      </input_file>
      <input_file id="fl-cd">
         <path>C:\ti\ccsv8\tools\compiler\ti-cgt-arm_18.1.1.LTS\lib\</path>
         <kind>archive</kind>
         <file>rtsv7M4_T_le_v4SPD16_eabi.lib</file>
         <name>copy_zero_init.c.obj</name>
      </input_file>
      <input_file id="fl-ce">
         <path>C:\ti\ccsv8\tools\compiler\ti-cgt-arm_18.1.1.LTS\lib\</path>
         <kind>archive</kind>
         <file>rtsv7M4_T_le_v4SPD16_eabi.lib</file>
         <name>copy_decompress_none.c.obj</name>
      </input_file>
      <input_file id="fl-cf">
         <path>C:\ti\ccsv8\tools\compiler\ti-cgt-arm_18.1.1.LTS\lib\</path>
         <kind>archive</kind>
         <file>rtsv7M4_T_le_v4SPD16_eabi.lib</file>
         <name>copy_decompress_lzss.c.obj</name>
      </input_file>
      <input_file id="fl-d0">
         <path>C:\ti\ccsv8\tools\compiler\ti-cgt-arm_18.1.1.LTS\lib\</path>
         <kind>archive</kind>
         <file>rtsv7M4_T_le_v4SPD16_eabi.lib</file>
         <name>boot_cortex_m.c.obj</name>
      </input_file>
      <input_file id="fl-d1">
         <path>C:\ti\ccsv8\tools\compiler\ti-cgt-arm_18.1.1.LTS\lib\</path>
         <kind>archive</kind>
         <file>rtsv7M4_T_le_v4SPD16_eabi.lib</file>
         <name>exit.c.obj</name>
      </input_file>
      <input_file id="fl-d2">
         <path>C:\ti\ccsv8\tools\compiler\ti-cgt-arm_18.1.1.LTS\lib\</path>
         <kind>archive</kind>
         <file>rtsv7M4_T_le_v4SPD16_eabi.lib</file>
         <name>_lock.c.obj</name>
      </input_file>
      <input_file id="fl-d3">
         <path>C:\ti\ccsv8\tools\compiler\ti-cgt-arm_18.1.1.LTS\lib\</path>
         <kind>archive</kind>
         <file>rtsv7M4_T_le_v4SPD16_eabi.lib</file>
         <name>args_main.c.obj</name>
      </input_file>
      <input_file id="fl-d4">
         <path>C:\ti\ccsv8\tools\compiler\ti-cgt-arm_18.1.1.LTS\lib\</path>
         <kind>archive</kind>
         <file>rtsv7M4_T_le_v4SPD16_eabi.lib</file>
         <name>div0.asm.obj</name>
      </input_file>
      <input_file id="fl-d5">
         <path>C:\ti\ccsv8\tools\compiler\ti-cgt-arm_18.1.1.LTS\lib\</path>
         <kind>archive</kind>
         <file>rtsv7M4_T_le_v4SPD16_eabi.lib</file>
         <name>autoinit.c.obj</name>
      </input_file>
      <input_file id="fl-d6">
         <path>C:\ti\ccsv8\tools\compiler\ti-cgt-arm_18.1.1.LTS\lib\</path>
         <kind>archive</kind>
         <file>rtsv7M4_T_le_v4SPD16_eabi.lib</file>
         <name>pre_init.c.obj</name>
      </input_file>
      <input_file id="fl-d7">
         <path>C:\ti\ccsv8\tools\compiler\ti-cgt-arm_18.1.1.LTS\lib\</path>
         <kind>archive</kind>
         <file>rtsv7M4_T_le_v4SPD16_eabi.lib</file>
         <name>cpy_tbl.c.obj</name>
      </input_file>
      <input_file id="fl-d8">
         <path>C:\ti\TivaWare_C_Series-2.1.4.178\driverlib\ccs\Debug\</path>
         <kind>archive</kind>
         <file>driverlib.lib</file>
         <name>gpio.obj</name>
      </input_file>
      <input_file id="fl-d9">
         <path>C:\ti\TivaWare_C_Series-2.1.4.178\driverlib\ccs\Debug\</path>
         <kind>archive</kind>
         <file>driverlib.lib</file>
         <name>interrupt.obj</name>
      </input_file>
      <input_file id="fl-da">
         <path>C:\ti\TivaWare_C_Series-2.1.4.178\driverlib\ccs\Debug\</path>
         <kind>archive</kind>
         <file>driverlib.lib</file>
         <name>sysctl.obj</name>
      </input_file>
      <input_file id="fl-db">
         <path>C:\ti\TivaWare_C_Series-2.1.4.178\driverlib\ccs\Debug\</path>
         <kind>archive</kind>
         <file>driverlib.lib</file>
         <name>uart.obj</name>
      </input_file>
      <input_file id="fl-dc">
         <path>C:\ti\TivaWare_C_Series-2.1.4.178\driverlib\ccs\Debug\</path>
         <kind>archive</kind>
         <file>driverlib.lib</file>
         <name>cpu.obj</name>
      </input_file>
   </input_file_list>
   <object_component_list>
      <object_component id="oc-f">
         <name>.intvecs</name>
         <load_address>0x0</load_address>
         <run_address>0x0</run_address>
         <size>0x208</size>
         <input_file_ref idref="fl-3"/>
      </object_component>
      <object_component id="oc-7c">
         <name>.text</name>
         <load_address>0x208</load_address>
         <run_address>0x208</run_address>
         <size>0x18bc</size>
         <input_file_ref idref="fl-a"/>
      </object_component>
      <object_component id="oc-1c9">
         <name>.text</name>
         <load_address>0x1ac4</load_address>
         <run_address>0x1ac4</run_address>
         <size>0xd04</size>
         <input_file_ref idref="fl-8"/>
      </object_component>
      <object_component id="oc-f3">
         <name>.text</name>
         <load_address>0x27c8</load_address>
         <run_address>0x27c8</run_address>
         <size>0x594</size>
         <input_file_ref idref="fl-b"/>
      </object_component>
      <object_component id="oc-151">
         <name>.text</name>
         <load_address>0x2d5c</load_address>
         <run_address>0x2d5c</run_address>
         <size>0x49c</size>
         <input_file_ref idref="fl-4"/>
      </object_component>
      <object_component id="oc-db">
         <name>.text</name>
         <load_address>0x31f8</load_address>
         <run_address>0x31f8</run_address>
         <size>0x2bc</size>
         <input_file_ref idref="fl-f"/>
      </object_component>
      <object_component id="oc-bf">
         <name>.text</name>
         <load_address>0x34b4</load_address>
         <run_address>0x34b4</run_address>
         <size>0x204</size>
         <input_file_ref idref="fl-2"/>
      </object_component>
      <object_component id="oc-157">
         <name>.text:SysCtlClockFreqSet</name>
         <load_address>0x36b8</load_address>
         <run_address>0x36b8</run_address>
         <size>0x200</size>
         <input_file_ref idref="fl-da"/>
      </object_component>
      <object_component id="oc-2f">
         <name>.text</name>
         <load_address>0x38b8</load_address>
         <run_address>0x38b8</run_address>
         <size>0x13c</size>
         <input_file_ref idref="fl-c"/>
      </object_component>
      <object_component id="oc-139">
         <name>.text:GPIOPadConfigSet</name>
         <load_address>0x39f4</load_address>
         <run_address>0x39f4</run_address>
         <size>0x132</size>
         <input_file_ref idref="fl-d8"/>
      </object_component>
      <object_component id="oc-e1">
         <name>.text</name>
         <load_address>0x3b26</load_address>
         <run_address>0x3b26</run_address>
         <size>0x12a</size>
         <input_file_ref idref="fl-7"/>
      </object_component>
      <object_component id="oc-2a">
         <name>.text</name>
         <load_address>0x3c50</load_address>
         <run_address>0x3c50</run_address>
         <size>0xda</size>
         <input_file_ref idref="fl-d"/>
      </object_component>
      <object_component id="oc-43">
         <name>.text</name>
         <load_address>0x3d2a</load_address>
         <run_address>0x3d2a</run_address>
         <size>0x9c</size>
         <input_file_ref idref="fl-cb"/>
      </object_component>
      <object_component id="oc-b3">
         <name>.text</name>
         <load_address>0x3dc6</load_address>
         <run_address>0x3dc6</run_address>
         <size>0x7a</size>
         <input_file_ref idref="fl-cc"/>
      </object_component>
      <object_component id="oc-12">
         <name>.text:decompress:lzss:__TI_decompress_lzss</name>
         <load_address>0x3e40</load_address>
         <run_address>0x3e40</run_address>
         <size>0x68</size>
         <input_file_ref idref="fl-cf"/>
      </object_component>
      <object_component id="oc-145">
         <name>.text:GPIOPinConfigure</name>
         <load_address>0x3ea8</load_address>
         <run_address>0x3ea8</run_address>
         <size>0x48</size>
         <input_file_ref idref="fl-d8"/>
      </object_component>
      <object_component id="oc-241">
         <name>.text:_SysCtlFrequencyGet</name>
         <load_address>0x3ef0</load_address>
         <run_address>0x3ef0</run_address>
         <size>0x48</size>
         <input_file_ref idref="fl-da"/>
      </object_component>
      <object_component id="oc-20b">
         <name>.text:UARTConfigSetExpClk</name>
         <load_address>0x3f38</load_address>
         <run_address>0x3f38</run_address>
         <size>0x46</size>
         <input_file_ref idref="fl-db"/>
      </object_component>
      <object_component id="oc-2b2">
         <name>.text</name>
         <load_address>0x3f7e</load_address>
         <run_address>0x3f7e</run_address>
         <size>0x2</size>
         <input_file_ref idref="fl-d4"/>
      </object_component>
      <object_component id="oc-171">
         <name>.text:__TI_auto_init_nobinit_nopinit:__TI_auto_init_nobinit_nopinit</name>
         <load_address>0x3f80</load_address>
         <run_address>0x3f80</run_address>
         <size>0x44</size>
         <input_file_ref idref="fl-d5"/>
      </object_component>
      <object_component id="oc-22c">
         <name>.text</name>
         <load_address>0x3fc4</load_address>
         <run_address>0x3fc4</run_address>
         <size>0x40</size>
         <input_file_ref idref="fl-ca"/>
      </object_component>
      <object_component id="oc-205">
         <name>.text:SysCtlPeripheralPresent</name>
         <load_address>0x4004</load_address>
         <run_address>0x4004</run_address>
         <size>0x38</size>
         <input_file_ref idref="fl-da"/>
      </object_component>
      <object_component id="oc-61">
         <name>.text:_c_int00_noargs:_c_int00_noargs</name>
         <load_address>0x403c</load_address>
         <run_address>0x403c</run_address>
         <size>0x38</size>
         <input_file_ref idref="fl-d0"/>
      </object_component>
      <object_component id="oc-12d">
         <name>.text:SysCtlPeripheralEnable</name>
         <load_address>0x4074</load_address>
         <run_address>0x4074</run_address>
         <size>0x34</size>
         <input_file_ref idref="fl-da"/>
      </object_component>
      <object_component id="oc-1f1">
         <name>.text:GPIODirModeSet</name>
         <load_address>0x40a8</load_address>
         <run_address>0x40a8</run_address>
         <size>0x2a</size>
         <input_file_ref idref="fl-d8"/>
      </object_component>
      <object_component id="oc-2a1">
         <name>.text:UARTDisable</name>
         <load_address>0x40d4</load_address>
         <run_address>0x40d4</run_address>
         <size>0x20</size>
         <input_file_ref idref="fl-db"/>
      </object_component>
      <object_component id="oc-23b">
         <name>.text:_SysCtlMemTimingGet</name>
         <load_address>0x40f4</load_address>
         <run_address>0x40f4</run_address>
         <size>0x20</size>
         <input_file_ref idref="fl-da"/>
      </object_component>
      <object_component id="oc-133">
         <name>.text:GPIOPinTypeGPIOOutput</name>
         <load_address>0x4114</load_address>
         <run_address>0x4114</run_address>
         <size>0x18</size>
         <input_file_ref idref="fl-d8"/>
      </object_component>
      <object_component id="oc-211">
         <name>.text:UARTEnable</name>
         <load_address>0x412c</load_address>
         <run_address>0x412c</run_address>
         <size>0x14</size>
         <input_file_ref idref="fl-db"/>
      </object_component>
      <object_component id="oc-14b">
         <name>.text:GPIOPinTypeUART</name>
         <load_address>0x4140</load_address>
         <run_address>0x4140</run_address>
         <size>0x12</size>
         <input_file_ref idref="fl-d8"/>
      </object_component>
      <object_component id="oc-18">
         <name>.text:decompress:none:__TI_decompress_none</name>
         <load_address>0x4152</load_address>
         <run_address>0x4152</run_address>
         <size>0xe</size>
         <input_file_ref idref="fl-ce"/>
      </object_component>
      <object_component id="oc-55">
         <name>.text:decompress:ZI:__TI_zero_init</name>
         <load_address>0x4160</load_address>
         <run_address>0x4160</run_address>
         <size>0xc</size>
         <input_file_ref idref="fl-cd"/>
      </object_component>
      <object_component id="oc-24">
         <name>.text</name>
         <load_address>0x416c</load_address>
         <run_address>0x416c</run_address>
         <size>0xc</size>
         <input_file_ref idref="fl-3"/>
      </object_component>
      <object_component id="oc-21d">
         <name>.text:UARTCharGet</name>
         <load_address>0x4178</load_address>
         <run_address>0x4178</run_address>
         <size>0xa</size>
         <input_file_ref idref="fl-db"/>
      </object_component>
      <object_component id="oc-217">
         <name>.text:UARTCharPut</name>
         <load_address>0x4182</load_address>
         <run_address>0x4182</run_address>
         <size>0xa</size>
         <input_file_ref idref="fl-db"/>
      </object_component>
      <object_component id="oc-13f">
         <name>.text:GPIOPinWrite</name>
         <load_address>0x418c</load_address>
         <run_address>0x418c</run_address>
         <size>0x6</size>
         <input_file_ref idref="fl-d8"/>
      </object_component>
      <object_component id="oc-b9">
         <name>.text:_system_pre_init</name>
         <load_address>0x4192</load_address>
         <run_address>0x4192</run_address>
         <size>0x4</size>
         <input_file_ref idref="fl-d6"/>
      </object_component>
      <object_component id="oc-165">
         <name>.text:abort:abort</name>
         <load_address>0x4196</load_address>
         <run_address>0x4196</run_address>
         <size>0x4</size>
         <input_file_ref idref="fl-d1"/>
      </object_component>
      <object_component id="oc-24a">
         <name>.const:g_pppui32XTALtoVCO</name>
         <load_address>0x419c</load_address>
         <run_address>0x419c</run_address>
         <size>0x1b0</size>
         <input_file_ref idref="fl-da"/>
      </object_component>
      <object_component id="oc-200">
         <name>.const:g_pui32GPIOBaseAddrs</name>
         <load_address>0x434c</load_address>
         <run_address>0x434c</run_address>
         <size>0x90</size>
         <input_file_ref idref="fl-d8"/>
      </object_component>
      <object_component id="oc-247">
         <name>.const:g_pui32Xtals</name>
         <load_address>0x43dc</load_address>
         <run_address>0x43dc</run_address>
         <size>0x6c</size>
         <input_file_ref idref="fl-da"/>
      </object_component>
      <object_component id="oc-2bd">
         <name>.const:g_sXTALtoMEMTIM</name>
         <load_address>0x4448</load_address>
         <run_address>0x4448</run_address>
         <size>0x30</size>
         <input_file_ref idref="fl-da"/>
      </object_component>
      <object_component id="oc-2b8">
         <name>.const:.string</name>
         <load_address>0x4478</load_address>
         <run_address>0x4478</run_address>
         <size>0x12</size>
         <input_file_ref idref="fl-4"/>
      </object_component>
      <object_component id="oc-229">
         <name>.const:g_ui32UARTBase</name>
         <load_address>0x448c</load_address>
         <run_address>0x448c</run_address>
         <size>0xc</size>
         <input_file_ref idref="fl-4"/>
      </object_component>
      <object_component id="oc-223">
         <name>.const:g_ui32UARTPeriph</name>
         <load_address>0x4498</load_address>
         <run_address>0x4498</run_address>
         <size>0xc</size>
         <input_file_ref idref="fl-4"/>
      </object_component>
      <object_component id="oc-24d">
         <name>.const</name>
         <load_address>0x44a4</load_address>
         <run_address>0x44a4</run_address>
         <size>0x8</size>
         <input_file_ref idref="fl-da"/>
      </object_component>
      <object_component id="oc-79">
         <name>.const</name>
         <load_address>0x44ac</load_address>
         <run_address>0x44ac</run_address>
         <size>0x4</size>
         <input_file_ref idref="fl-c"/>
      </object_component>
      <object_component id="oc-231">
         <name>.const</name>
         <load_address>0x44b0</load_address>
         <run_address>0x44b0</run_address>
         <size>0x4</size>
         <input_file_ref idref="fl-4"/>
      </object_component>
      <object_component id="oc-338">
         <name>__TI_handler_table</name>
         <load_address>0x44b8</load_address>
         <run_address>0x44b8</run_address>
         <size>0xc</size>
      </object_component>
      <object_component id="oc-33a">
         <name>.cinit..data.load</name>
         <load_address>0x44c4</load_address>
         <run_address>0x44c4</run_address>
         <size>0xb</size>
      </object_component>
      <object_component id="oc-33b">
         <name>.cinit..bss.load</name>
         <load_address>0x44d0</load_address>
         <run_address>0x44d0</run_address>
         <size>0x8</size>
      </object_component>
      <object_component id="oc-339">
         <name>__TI_cinit_table</name>
         <load_address>0x44d8</load_address>
         <run_address>0x44d8</run_address>
         <size>0x10</size>
      </object_component>
      <object_component id="oc-15e">
         <name>.data</name>
         <load_address>0x2000c6f5</load_address>
         <run_address>0x2000c6f5</run_address>
         <size>0x2</size>
         <input_file_ref idref="fl-2"/>
      </object_component>
      <object_component id="oc-226">
         <name>.data</name>
         <load_address>0x2000c6f0</load_address>
         <run_address>0x2000c6f0</run_address>
         <size>0x5</size>
         <input_file_ref idref="fl-4"/>
      </object_component>
      <object_component id="oc-76">
         <name>.data</name>
         <load_address>0x2000c6a0</load_address>
         <run_address>0x2000c6a0</run_address>
         <size>0x34</size>
         <input_file_ref idref="fl-a"/>
      </object_component>
      <object_component id="oc-1cf">
         <name>.data</name>
         <load_address>0x2000c6e4</load_address>
         <run_address>0x2000c6e4</run_address>
         <size>0xc</size>
         <input_file_ref idref="fl-b"/>
      </object_component>
      <object_component id="oc-83">
         <name>.data</name>
         <load_address>0x2000c6f8</load_address>
         <run_address>0x2000c6f8</run_address>
         <size>0x4</size>
         <input_file_ref idref="fl-c"/>
      </object_component>
      <object_component id="oc-1b4">
         <name>.data</name>
         <load_address>0x2000c6d4</load_address>
         <run_address>0x2000c6d4</run_address>
         <size>0x10</size>
         <input_file_ref idref="fl-f"/>
      </object_component>
      <object_component id="oc-e7">
         <name>.bss:pxReadyTasksLists</name>
         <uninitialized>true</uninitialized>
         <run_address>0x2000c350</run_address>
         <size>0x64</size>
         <input_file_ref idref="fl-a"/>
      </object_component>
      <object_component id="oc-fc">
         <name>.bss:xDelayedTaskList1</name>
         <uninitialized>true</uninitialized>
         <run_address>0x2000c41c</run_address>
         <size>0x14</size>
         <input_file_ref idref="fl-a"/>
      </object_component>
      <object_component id="oc-ff">
         <name>.bss:xDelayedTaskList2</name>
         <uninitialized>true</uninitialized>
         <run_address>0x2000c430</run_address>
         <size>0x14</size>
         <input_file_ref idref="fl-a"/>
      </object_component>
      <object_component id="oc-ed">
         <name>.bss</name>
         <uninitialized>true</uninitialized>
         <run_address>0x2000c480</run_address>
         <size>0x8</size>
         <input_file_ref idref="fl-a"/>
      </object_component>
      <object_component id="oc-f9">
         <name>.bss:xPendingReadyList</name>
         <uninitialized>true</uninitialized>
         <run_address>0x2000c444</run_address>
         <size>0x14</size>
         <input_file_ref idref="fl-a"/>
      </object_component>
      <object_component id="oc-ea">
         <name>.bss:xTasksWaitingTermination</name>
         <uninitialized>true</uninitialized>
         <run_address>0x2000c46c</run_address>
         <size>0x14</size>
         <input_file_ref idref="fl-a"/>
      </object_component>
      <object_component id="oc-f0">
         <name>.bss:xSuspendedTaskList</name>
         <uninitialized>true</uninitialized>
         <run_address>0x2000c458</run_address>
         <size>0x14</size>
         <input_file_ref idref="fl-a"/>
      </object_component>
      <object_component id="oc-1d5">
         <name>.bss:xActiveTimerList1</name>
         <uninitialized>true</uninitialized>
         <run_address>0x2000c3f4</run_address>
         <size>0x14</size>
         <input_file_ref idref="fl-b"/>
      </object_component>
      <object_component id="oc-1d8">
         <name>.bss:xActiveTimerList2</name>
         <uninitialized>true</uninitialized>
         <run_address>0x2000c408</run_address>
         <size>0x14</size>
         <input_file_ref idref="fl-b"/>
      </object_component>
      <object_component id="oc-1d2">
         <name>.bss</name>
         <uninitialized>true</uninitialized>
         <run_address>0x2000c488</run_address>
         <size>0x8</size>
         <input_file_ref idref="fl-b"/>
      </object_component>
      <object_component id="oc-1ba">
         <name>.bss:ucHeap</name>
         <uninitialized>true</uninitialized>
         <run_address>0x20000000</run_address>
         <size>0xc350</size>
         <input_file_ref idref="fl-f"/>
      </object_component>
      <object_component id="oc-1b7">
         <name>.bss:xStart</name>
         <uninitialized>true</uninitialized>
         <run_address>0x2000c490</run_address>
         <size>0x8</size>
         <input_file_ref idref="fl-f"/>
      </object_component>
      <object_component id="oc-15d">
         <name>.common:g_ui32SysClock</name>
         <uninitialized>true</uninitialized>
         <run_address>0x2000c498</run_address>
         <size>0x4</size>
      </object_component>
      <object_component id="oc-281">
         <name>.common:xQueueRegistry</name>
         <uninitialized>true</uninitialized>
         <run_address>0x2000c3b4</run_address>
         <size>0x40</size>
      </object_component>
      <object_component id="oc-21">
         <name>.stack</name>
         <uninitialized>true</uninitialized>
         <run_address>0x2000c4a0</run_address>
         <size>0x4</size>
         <input_file_ref idref="fl-d0"/>
      </object_component>
      <object_component id="oc-33c">
         <name>.stack</name>
         <uninitialized>true</uninitialized>
         <run_address>0x2000c4a0</run_address>
         <size>0x0</size>
      </object_component>
      <object_component id="oc-116">
         <name>.debug_info</name>
         <load_address>0x0</load_address>
         <run_address>0x0</run_address>
         <size>0x72b</size>
         <input_file_ref idref="fl-2"/>
      </object_component>
      <object_component id="oc-c1">
         <name>.debug_info</name>
         <load_address>0x72b</load_address>
         <run_address>0x72b</run_address>
         <size>0x70b</size>
         <input_file_ref idref="fl-2"/>
      </object_component>
      <object_component id="oc-d4">
         <name>.debug_info</name>
         <load_address>0xe36</load_address>
         <run_address>0xe36</run_address>
         <size>0x30c</size>
         <input_file_ref idref="fl-2"/>
      </object_component>
      <object_component id="oc-94">
         <name>.debug_info</name>
         <load_address>0x1142</load_address>
         <run_address>0x1142</run_address>
         <size>0x26b</size>
         <input_file_ref idref="fl-2"/>
      </object_component>
      <object_component id="oc-111">
         <name>.debug_info</name>
         <load_address>0x13ad</load_address>
         <run_address>0x13ad</run_address>
         <size>0x44c</size>
         <input_file_ref idref="fl-2"/>
      </object_component>
      <object_component id="oc-3e">
         <name>.debug_info</name>
         <load_address>0x17f9</load_address>
         <run_address>0x17f9</run_address>
         <size>0x84</size>
         <input_file_ref idref="fl-2"/>
      </object_component>
      <object_component id="oc-160">
         <name>.debug_info</name>
         <load_address>0x187d</load_address>
         <run_address>0x187d</run_address>
         <size>0x46</size>
         <input_file_ref idref="fl-2"/>
      </object_component>
      <object_component id="oc-88">
         <name>.debug_info</name>
         <load_address>0x18c3</load_address>
         <run_address>0x18c3</run_address>
         <size>0x2c</size>
         <input_file_ref idref="fl-2"/>
      </object_component>
      <object_component id="oc-118">
         <name>.debug_info</name>
         <load_address>0x18ef</load_address>
         <run_address>0x18ef</run_address>
         <size>0x297</size>
         <input_file_ref idref="fl-2"/>
      </object_component>
      <object_component id="oc-99">
         <name>.debug_info</name>
         <load_address>0x1b86</load_address>
         <run_address>0x1b86</run_address>
         <size>0xbb</size>
         <input_file_ref idref="fl-2"/>
      </object_component>
      <object_component id="oc-107">
         <name>.debug_info</name>
         <load_address>0x1c41</load_address>
         <run_address>0x1c41</run_address>
         <size>0x53</size>
         <input_file_ref idref="fl-2"/>
      </object_component>
      <object_component id="oc-8d">
         <name>.debug_info</name>
         <load_address>0x1c94</load_address>
         <run_address>0x1c94</run_address>
         <size>0x53</size>
         <input_file_ref idref="fl-2"/>
      </object_component>
      <object_component id="oc-236">
         <name>.debug_info</name>
         <load_address>0x1ce7</load_address>
         <run_address>0x1ce7</run_address>
         <size>0x2c</size>
         <input_file_ref idref="fl-2"/>
      </object_component>
      <object_component id="oc-10c">
         <name>.debug_info</name>
         <load_address>0x1d13</load_address>
         <run_address>0x1d13</run_address>
         <size>0x14c</size>
         <input_file_ref idref="fl-2"/>
      </object_component>
      <object_component id="oc-37">
         <name>.debug_info</name>
         <load_address>0x1e5f</load_address>
         <run_address>0x1e5f</run_address>
         <size>0x326</size>
         <input_file_ref idref="fl-3"/>
      </object_component>
      <object_component id="oc-10">
         <name>.debug_info</name>
         <load_address>0x2185</load_address>
         <run_address>0x2185</run_address>
         <size>0xe5</size>
         <input_file_ref idref="fl-3"/>
      </object_component>
      <object_component id="oc-27">
         <name>.debug_info</name>
         <load_address>0x226a</load_address>
         <run_address>0x226a</run_address>
         <size>0x266</size>
         <input_file_ref idref="fl-3"/>
      </object_component>
      <object_component id="oc-235">
         <name>.debug_info</name>
         <load_address>0x24d0</load_address>
         <run_address>0x24d0</run_address>
         <size>0x3fe</size>
         <input_file_ref idref="fl-4"/>
      </object_component>
      <object_component id="oc-227">
         <name>.debug_info</name>
         <load_address>0x28ce</load_address>
         <run_address>0x28ce</run_address>
         <size>0xf5</size>
         <input_file_ref idref="fl-4"/>
      </object_component>
      <object_component id="oc-232">
         <name>.debug_info</name>
         <load_address>0x29c3</load_address>
         <run_address>0x29c3</run_address>
         <size>0xef</size>
         <input_file_ref idref="fl-4"/>
      </object_component>
      <object_component id="oc-22a">
         <name>.debug_info</name>
         <load_address>0x2ab2</load_address>
         <run_address>0x2ab2</run_address>
         <size>0xfd</size>
         <input_file_ref idref="fl-4"/>
      </object_component>
      <object_component id="oc-224">
         <name>.debug_info</name>
         <load_address>0x2baf</load_address>
         <run_address>0x2baf</run_address>
         <size>0x101</size>
         <input_file_ref idref="fl-4"/>
      </object_component>
      <object_component id="oc-153">
         <name>.debug_info</name>
         <load_address>0x2cb0</load_address>
         <run_address>0x2cb0</run_address>
         <size>0x95a</size>
         <input_file_ref idref="fl-4"/>
      </object_component>
      <object_component id="oc-1fa">
         <name>.debug_info</name>
         <load_address>0x360a</load_address>
         <run_address>0x360a</run_address>
         <size>0x8b</size>
         <input_file_ref idref="fl-4"/>
      </object_component>
      <object_component id="oc-271">
         <name>.debug_info</name>
         <load_address>0x3695</load_address>
         <run_address>0x3695</run_address>
         <size>0x607</size>
         <input_file_ref idref="fl-6"/>
      </object_component>
      <object_component id="oc-1a5">
         <name>.debug_info</name>
         <load_address>0x3c9c</load_address>
         <run_address>0x3c9c</run_address>
         <size>0x110</size>
         <input_file_ref idref="fl-6"/>
      </object_component>
      <object_component id="oc-1af">
         <name>.debug_info</name>
         <load_address>0x3dac</load_address>
         <run_address>0x3dac</run_address>
         <size>0x44c</size>
         <input_file_ref idref="fl-6"/>
      </object_component>
      <object_component id="oc-2eb">
         <name>.debug_info</name>
         <load_address>0x41f8</load_address>
         <run_address>0x41f8</run_address>
         <size>0x39</size>
         <input_file_ref idref="fl-6"/>
      </object_component>
      <object_component id="oc-2f0">
         <name>.debug_info</name>
         <load_address>0x4231</load_address>
         <run_address>0x4231</run_address>
         <size>0x76</size>
         <input_file_ref idref="fl-6"/>
      </object_component>
      <object_component id="oc-1c0">
         <name>.debug_info</name>
         <load_address>0x42a7</load_address>
         <run_address>0x42a7</run_address>
         <size>0x35b</size>
         <input_file_ref idref="fl-7"/>
      </object_component>
      <object_component id="oc-e5">
         <name>.debug_info</name>
         <load_address>0x4602</load_address>
         <run_address>0x4602</run_address>
         <size>0x4ed</size>
         <input_file_ref idref="fl-7"/>
      </object_component>
      <object_component id="oc-282">
         <name>.debug_info</name>
         <load_address>0x4aef</load_address>
         <run_address>0x4aef</run_address>
         <size>0x878</size>
         <input_file_ref idref="fl-8"/>
      </object_component>
      <object_component id="oc-1cc">
         <name>.debug_info</name>
         <load_address>0x5367</load_address>
         <run_address>0x5367</run_address>
         <size>0x37db</size>
         <input_file_ref idref="fl-8"/>
      </object_component>
      <object_component id="oc-2f7">
         <name>.debug_info</name>
         <load_address>0x8b42</load_address>
         <run_address>0x8b42</run_address>
         <size>0x1cd</size>
         <input_file_ref idref="fl-8"/>
      </object_component>
      <object_component id="oc-285">
         <name>.debug_info</name>
         <load_address>0x8d0f</load_address>
         <run_address>0x8d0f</run_address>
         <size>0x46</size>
         <input_file_ref idref="fl-8"/>
      </object_component>
      <object_component id="oc-124">
         <name>.debug_info</name>
         <load_address>0x8d55</load_address>
         <run_address>0x8d55</run_address>
         <size>0x2c</size>
         <input_file_ref idref="fl-9"/>
      </object_component>
      <object_component id="oc-d3">
         <name>.debug_info</name>
         <load_address>0x8d81</load_address>
         <run_address>0x8d81</run_address>
         <size>0x757</size>
         <input_file_ref idref="fl-a"/>
      </object_component>
      <object_component id="oc-77">
         <name>.debug_info</name>
         <load_address>0x94d8</load_address>
         <run_address>0x94d8</run_address>
         <size>0x344</size>
         <input_file_ref idref="fl-a"/>
      </object_component>
      <object_component id="oc-e8">
         <name>.debug_info</name>
         <load_address>0x981c</load_address>
         <run_address>0x981c</run_address>
         <size>0xeb</size>
         <input_file_ref idref="fl-a"/>
      </object_component>
      <object_component id="oc-fd">
         <name>.debug_info</name>
         <load_address>0x9907</load_address>
         <run_address>0x9907</run_address>
         <size>0xeb</size>
         <input_file_ref idref="fl-a"/>
      </object_component>
      <object_component id="oc-100">
         <name>.debug_info</name>
         <load_address>0x99f2</load_address>
         <run_address>0x99f2</run_address>
         <size>0xeb</size>
         <input_file_ref idref="fl-a"/>
      </object_component>
      <object_component id="oc-ee">
         <name>.debug_info</name>
         <load_address>0x9add</load_address>
         <run_address>0x9add</run_address>
         <size>0x12e</size>
         <input_file_ref idref="fl-a"/>
      </object_component>
      <object_component id="oc-fa">
         <name>.debug_info</name>
         <load_address>0x9c0b</load_address>
         <run_address>0x9c0b</run_address>
         <size>0xeb</size>
         <input_file_ref idref="fl-a"/>
      </object_component>
      <object_component id="oc-eb">
         <name>.debug_info</name>
         <load_address>0x9cf6</load_address>
         <run_address>0x9cf6</run_address>
         <size>0xf9</size>
         <input_file_ref idref="fl-a"/>
      </object_component>
      <object_component id="oc-f1">
         <name>.debug_info</name>
         <load_address>0x9def</load_address>
         <run_address>0x9def</run_address>
         <size>0xed</size>
         <input_file_ref idref="fl-a"/>
      </object_component>
      <object_component id="oc-7f">
         <name>.debug_info</name>
         <load_address>0x9edc</load_address>
         <run_address>0x9edc</run_address>
         <size>0x4c83</size>
         <input_file_ref idref="fl-a"/>
      </object_component>
      <object_component id="oc-1aa">
         <name>.debug_info</name>
         <load_address>0xeb5f</load_address>
         <run_address>0xeb5f</run_address>
         <size>0x146</size>
         <input_file_ref idref="fl-a"/>
      </object_component>
      <object_component id="oc-1dc">
         <name>.debug_info</name>
         <load_address>0xeca5</load_address>
         <run_address>0xeca5</run_address>
         <size>0x828</size>
         <input_file_ref idref="fl-b"/>
      </object_component>
      <object_component id="oc-1d6">
         <name>.debug_info</name>
         <load_address>0xf4cd</load_address>
         <run_address>0xf4cd</run_address>
         <size>0xeb</size>
         <input_file_ref idref="fl-b"/>
      </object_component>
      <object_component id="oc-1d9">
         <name>.debug_info</name>
         <load_address>0xf5b8</load_address>
         <run_address>0xf5b8</run_address>
         <size>0xeb</size>
         <input_file_ref idref="fl-b"/>
      </object_component>
      <object_component id="oc-1d3">
         <name>.debug_info</name>
         <load_address>0xf6a3</load_address>
         <run_address>0xf6a3</run_address>
         <size>0x123</size>
         <input_file_ref idref="fl-b"/>
      </object_component>
      <object_component id="oc-1d0">
         <name>.debug_info</name>
         <load_address>0xf7c6</load_address>
         <run_address>0xf7c6</run_address>
         <size>0x10f</size>
         <input_file_ref idref="fl-b"/>
      </object_component>
      <object_component id="oc-f4">
         <name>.debug_info</name>
         <load_address>0xf8d5</load_address>
         <run_address>0xf8d5</run_address>
         <size>0x1da0</size>
         <input_file_ref idref="fl-b"/>
      </object_component>
      <object_component id="oc-1dd">
         <name>.debug_info</name>
         <load_address>0x11675</load_address>
         <run_address>0x11675</run_address>
         <size>0x1ce</size>
         <input_file_ref idref="fl-b"/>
      </object_component>
      <object_component id="oc-87">
         <name>.debug_info</name>
         <load_address>0x11843</load_address>
         <run_address>0x11843</run_address>
         <size>0x3f0</size>
         <input_file_ref idref="fl-c"/>
      </object_component>
      <object_component id="oc-7a">
         <name>.debug_info</name>
         <load_address>0x11c33</load_address>
         <run_address>0x11c33</run_address>
         <size>0x118</size>
         <input_file_ref idref="fl-c"/>
      </object_component>
      <object_component id="oc-84">
         <name>.debug_info</name>
         <load_address>0x11d4b</load_address>
         <run_address>0x11d4b</run_address>
         <size>0xff</size>
         <input_file_ref idref="fl-c"/>
      </object_component>
      <object_component id="oc-30">
         <name>.debug_info</name>
         <load_address>0x11e4a</load_address>
         <run_address>0x11e4a</run_address>
         <size>0x71f</size>
         <input_file_ref idref="fl-c"/>
      </object_component>
      <object_component id="oc-2c">
         <name>.debug_info</name>
         <load_address>0x12569</load_address>
         <run_address>0x12569</run_address>
         <size>0x250</size>
         <input_file_ref idref="fl-d"/>
      </object_component>
      <object_component id="oc-1be">
         <name>.debug_info</name>
         <load_address>0x127b9</load_address>
         <run_address>0x127b9</run_address>
         <size>0x3ff</size>
         <input_file_ref idref="fl-f"/>
      </object_component>
      <object_component id="oc-1bb">
         <name>.debug_info</name>
         <load_address>0x12bb8</load_address>
         <run_address>0x12bb8</run_address>
         <size>0xe6</size>
         <input_file_ref idref="fl-f"/>
      </object_component>
      <object_component id="oc-1b8">
         <name>.debug_info</name>
         <load_address>0x12c9e</load_address>
         <run_address>0x12c9e</run_address>
         <size>0xe6</size>
         <input_file_ref idref="fl-f"/>
      </object_component>
      <object_component id="oc-1b5">
         <name>.debug_info</name>
         <load_address>0x12d84</load_address>
         <run_address>0x12d84</run_address>
         <size>0x19a</size>
         <input_file_ref idref="fl-f"/>
      </object_component>
      <object_component id="oc-dd">
         <name>.debug_info</name>
         <load_address>0x12f1e</load_address>
         <run_address>0x12f1e</run_address>
         <size>0x7fb</size>
         <input_file_ref idref="fl-f"/>
      </object_component>
      <object_component id="oc-276">
         <name>.debug_info</name>
         <load_address>0x13719</load_address>
         <run_address>0x13719</run_address>
         <size>0x62</size>
         <input_file_ref idref="fl-f"/>
      </object_component>
      <object_component id="oc-22d">
         <name>.debug_info</name>
         <load_address>0x1377b</load_address>
         <run_address>0x1377b</run_address>
         <size>0x13a</size>
         <input_file_ref idref="fl-ca"/>
      </object_component>
      <object_component id="oc-45">
         <name>.debug_info</name>
         <load_address>0x138b5</load_address>
         <run_address>0x138b5</run_address>
         <size>0x111</size>
         <input_file_ref idref="fl-cb"/>
      </object_component>
      <object_component id="oc-b4">
         <name>.debug_info</name>
         <load_address>0x139c6</load_address>
         <run_address>0x139c6</run_address>
         <size>0x13f</size>
         <input_file_ref idref="fl-cc"/>
      </object_component>
      <object_component id="oc-b2">
         <name>.debug_info</name>
         <load_address>0x13b05</load_address>
         <run_address>0x13b05</run_address>
         <size>0x313</size>
         <input_file_ref idref="fl-cd"/>
      </object_component>
      <object_component id="oc-56">
         <name>.debug_info</name>
         <load_address>0x13e18</load_address>
         <run_address>0x13e18</run_address>
         <size>0x1aa</size>
         <input_file_ref idref="fl-cd"/>
      </object_component>
      <object_component id="oc-ad">
         <name>.debug_info</name>
         <load_address>0x13fc2</load_address>
         <run_address>0x13fc2</run_address>
         <size>0x46</size>
         <input_file_ref idref="fl-cd"/>
      </object_component>
      <object_component id="oc-4e">
         <name>.debug_info</name>
         <load_address>0x14008</load_address>
         <run_address>0x14008</run_address>
         <size>0x29d</size>
         <input_file_ref idref="fl-ce"/>
      </object_component>
      <object_component id="oc-19">
         <name>.debug_info</name>
         <load_address>0x142a5</load_address>
         <run_address>0x142a5</run_address>
         <size>0x1df</size>
         <input_file_ref idref="fl-ce"/>
      </object_component>
      <object_component id="oc-49">
         <name>.debug_info</name>
         <load_address>0x14484</load_address>
         <run_address>0x14484</run_address>
         <size>0x46</size>
         <input_file_ref idref="fl-ce"/>
      </object_component>
      <object_component id="oc-a5">
         <name>.debug_info</name>
         <load_address>0x144ca</load_address>
         <run_address>0x144ca</run_address>
         <size>0x2c</size>
         <input_file_ref idref="fl-ce"/>
      </object_component>
      <object_component id="oc-a3">
         <name>.debug_info</name>
         <load_address>0x144f6</load_address>
         <run_address>0x144f6</run_address>
         <size>0x293</size>
         <input_file_ref idref="fl-cf"/>
      </object_component>
      <object_component id="oc-13">
         <name>.debug_info</name>
         <load_address>0x14789</load_address>
         <run_address>0x14789</run_address>
         <size>0x245</size>
         <input_file_ref idref="fl-cf"/>
      </object_component>
      <object_component id="oc-39">
         <name>.debug_info</name>
         <load_address>0x149ce</load_address>
         <run_address>0x149ce</run_address>
         <size>0x60</size>
         <input_file_ref idref="fl-cf"/>
      </object_component>
      <object_component id="oc-11d">
         <name>.debug_info</name>
         <load_address>0x14a2e</load_address>
         <run_address>0x14a2e</run_address>
         <size>0x46</size>
         <input_file_ref idref="fl-cf"/>
      </object_component>
      <object_component id="oc-9e">
         <name>.debug_info</name>
         <load_address>0x14a74</load_address>
         <run_address>0x14a74</run_address>
         <size>0x39</size>
         <input_file_ref idref="fl-cf"/>
      </object_component>
      <object_component id="oc-22">
         <name>.debug_info</name>
         <load_address>0x14aad</load_address>
         <run_address>0x14aad</run_address>
         <size>0x100</size>
         <input_file_ref idref="fl-d0"/>
      </object_component>
      <object_component id="oc-64">
         <name>.debug_info</name>
         <load_address>0x14bad</load_address>
         <run_address>0x14bad</run_address>
         <size>0x1a4</size>
         <input_file_ref idref="fl-d0"/>
      </object_component>
      <object_component id="oc-166">
         <name>.debug_info</name>
         <load_address>0x14d51</load_address>
         <run_address>0x14d51</run_address>
         <size>0x117</size>
         <input_file_ref idref="fl-d1"/>
      </object_component>
      <object_component id="oc-2b5">
         <name>.debug_info</name>
         <load_address>0x14e68</load_address>
         <run_address>0x14e68</run_address>
         <size>0x10d</size>
         <input_file_ref idref="fl-d4"/>
      </object_component>
      <object_component id="oc-25c">
         <name>.debug_info</name>
         <load_address>0x14f75</load_address>
         <run_address>0x14f75</run_address>
         <size>0x547</size>
         <input_file_ref idref="fl-d5"/>
      </object_component>
      <object_component id="oc-172">
         <name>.debug_info</name>
         <load_address>0x154bc</load_address>
         <run_address>0x154bc</run_address>
         <size>0x19b</size>
         <input_file_ref idref="fl-d5"/>
      </object_component>
      <object_component id="oc-2d8">
         <name>.debug_info</name>
         <load_address>0x15657</load_address>
         <run_address>0x15657</run_address>
         <size>0x39</size>
         <input_file_ref idref="fl-d5"/>
      </object_component>
      <object_component id="oc-305">
         <name>.debug_info</name>
         <load_address>0x15690</load_address>
         <run_address>0x15690</run_address>
         <size>0x39</size>
         <input_file_ref idref="fl-d5"/>
      </object_component>
      <object_component id="oc-2dd">
         <name>.debug_info</name>
         <load_address>0x156c9</load_address>
         <run_address>0x156c9</run_address>
         <size>0x39</size>
         <input_file_ref idref="fl-d5"/>
      </object_component>
      <object_component id="oc-2e2">
         <name>.debug_info</name>
         <load_address>0x15702</load_address>
         <run_address>0x15702</run_address>
         <size>0xcd</size>
         <input_file_ref idref="fl-d5"/>
      </object_component>
      <object_component id="oc-bb">
         <name>.debug_info</name>
         <load_address>0x157cf</load_address>
         <run_address>0x157cf</run_address>
         <size>0x148</size>
         <input_file_ref idref="fl-d6"/>
      </object_component>
      <object_component id="oc-1f8">
         <name>.debug_info</name>
         <load_address>0x15917</load_address>
         <run_address>0x15917</run_address>
         <size>0x240</size>
         <input_file_ref idref="fl-d8"/>
      </object_component>
      <object_component id="oc-201">
         <name>.debug_info</name>
         <load_address>0x15b57</load_address>
         <run_address>0x15b57</run_address>
         <size>0x15b</size>
         <input_file_ref idref="fl-d8"/>
      </object_component>
      <object_component id="oc-143">
         <name>.debug_info</name>
         <load_address>0x15cb2</load_address>
         <run_address>0x15cb2</run_address>
         <size>0x2a3</size>
         <input_file_ref idref="fl-d8"/>
      </object_component>
      <object_component id="oc-1f5">
         <name>.debug_info</name>
         <load_address>0x15f55</load_address>
         <run_address>0x15f55</run_address>
         <size>0x2b3</size>
         <input_file_ref idref="fl-d8"/>
      </object_component>
      <object_component id="oc-13d">
         <name>.debug_info</name>
         <load_address>0x16208</load_address>
         <run_address>0x16208</run_address>
         <size>0x316</size>
         <input_file_ref idref="fl-d8"/>
      </object_component>
      <object_component id="oc-14f">
         <name>.debug_info</name>
         <load_address>0x1651e</load_address>
         <run_address>0x1651e</run_address>
         <size>0x27b</size>
         <input_file_ref idref="fl-d8"/>
      </object_component>
      <object_component id="oc-137">
         <name>.debug_info</name>
         <load_address>0x16799</load_address>
         <run_address>0x16799</run_address>
         <size>0x2b7</size>
         <input_file_ref idref="fl-d8"/>
      </object_component>
      <object_component id="oc-149">
         <name>.debug_info</name>
         <load_address>0x16a50</load_address>
         <run_address>0x16a50</run_address>
         <size>0x280</size>
         <input_file_ref idref="fl-d8"/>
      </object_component>
      <object_component id="oc-1eb">
         <name>.debug_info</name>
         <load_address>0x16cd0</load_address>
         <run_address>0x16cd0</run_address>
         <size>0x18b</size>
         <input_file_ref idref="fl-d8"/>
      </object_component>
      <object_component id="oc-1f0">
         <name>.debug_info</name>
         <load_address>0x16e5b</load_address>
         <run_address>0x16e5b</run_address>
         <size>0x298</size>
         <input_file_ref idref="fl-da"/>
      </object_component>
      <object_component id="oc-248">
         <name>.debug_info</name>
         <load_address>0x170f3</load_address>
         <run_address>0x170f3</run_address>
         <size>0x14d</size>
         <input_file_ref idref="fl-da"/>
      </object_component>
      <object_component id="oc-24b">
         <name>.debug_info</name>
         <load_address>0x17240</load_address>
         <run_address>0x17240</run_address>
         <size>0x159</size>
         <input_file_ref idref="fl-da"/>
      </object_component>
      <object_component id="oc-2be">
         <name>.debug_info</name>
         <load_address>0x17399</load_address>
         <run_address>0x17399</run_address>
         <size>0x153</size>
         <input_file_ref idref="fl-da"/>
      </object_component>
      <object_component id="oc-24e">
         <name>.debug_info</name>
         <load_address>0x174ec</load_address>
         <run_address>0x174ec</run_address>
         <size>0x160</size>
         <input_file_ref idref="fl-da"/>
      </object_component>
      <object_component id="oc-207">
         <name>.debug_info</name>
         <load_address>0x1764c</load_address>
         <run_address>0x1764c</run_address>
         <size>0x283</size>
         <input_file_ref idref="fl-da"/>
      </object_component>
      <object_component id="oc-12f">
         <name>.debug_info</name>
         <load_address>0x178cf</load_address>
         <run_address>0x178cf</run_address>
         <size>0x27d</size>
         <input_file_ref idref="fl-da"/>
      </object_component>
      <object_component id="oc-23e">
         <name>.debug_info</name>
         <load_address>0x17b4c</load_address>
         <run_address>0x17b4c</run_address>
         <size>0x270</size>
         <input_file_ref idref="fl-da"/>
      </object_component>
      <object_component id="oc-244">
         <name>.debug_info</name>
         <load_address>0x17dbc</load_address>
         <run_address>0x17dbc</run_address>
         <size>0x2ba</size>
         <input_file_ref idref="fl-da"/>
      </object_component>
      <object_component id="oc-15a">
         <name>.debug_info</name>
         <load_address>0x18076</load_address>
         <run_address>0x18076</run_address>
         <size>0x49a</size>
         <input_file_ref idref="fl-da"/>
      </object_component>
      <object_component id="oc-296">
         <name>.debug_info</name>
         <load_address>0x18510</load_address>
         <run_address>0x18510</run_address>
         <size>0x5f</size>
         <input_file_ref idref="fl-da"/>
      </object_component>
      <object_component id="oc-2a8">
         <name>.debug_info</name>
         <load_address>0x1856f</load_address>
         <run_address>0x1856f</run_address>
         <size>0x227</size>
         <input_file_ref idref="fl-db"/>
      </object_component>
      <object_component id="oc-212">
         <name>.debug_info</name>
         <load_address>0x18796</load_address>
         <run_address>0x18796</run_address>
         <size>0x247</size>
         <input_file_ref idref="fl-db"/>
      </object_component>
      <object_component id="oc-2a2">
         <name>.debug_info</name>
         <load_address>0x189dd</load_address>
         <run_address>0x189dd</run_address>
         <size>0x249</size>
         <input_file_ref idref="fl-db"/>
      </object_component>
      <object_component id="oc-20c">
         <name>.debug_info</name>
         <load_address>0x18c26</load_address>
         <run_address>0x18c26</run_address>
         <size>0x326</size>
         <input_file_ref idref="fl-db"/>
      </object_component>
      <object_component id="oc-218">
         <name>.debug_info</name>
         <load_address>0x18f4c</load_address>
         <run_address>0x18f4c</run_address>
         <size>0x273</size>
         <input_file_ref idref="fl-db"/>
      </object_component>
      <object_component id="oc-21e">
         <name>.debug_info</name>
         <load_address>0x191bf</load_address>
         <run_address>0x191bf</run_address>
         <size>0x24d</size>
         <input_file_ref idref="fl-db"/>
      </object_component>
      <object_component id="oc-33d">
         <name>.debug_info</name>
         <load_address>0x1940c</load_address>
         <run_address>0x1940c</run_address>
         <size>0x9a</size>
      </object_component>
      <object_component id="oc-1e9">
         <name>.debug_line</name>
         <load_address>0x0</load_address>
         <run_address>0x0</run_address>
         <size>0x169</size>
         <input_file_ref idref="fl-2"/>
      </object_component>
      <object_component id="oc-c0">
         <name>.debug_line</name>
         <load_address>0x169</load_address>
         <run_address>0x169</run_address>
         <size>0x107</size>
         <input_file_ref idref="fl-2"/>
      </object_component>
      <object_component id="oc-d7">
         <name>.debug_line</name>
         <load_address>0x270</load_address>
         <run_address>0x270</run_address>
         <size>0x68</size>
         <input_file_ref idref="fl-2"/>
      </object_component>
      <object_component id="oc-97">
         <name>.debug_line</name>
         <load_address>0x2d8</load_address>
         <run_address>0x2d8</run_address>
         <size>0x69</size>
         <input_file_ref idref="fl-2"/>
      </object_component>
      <object_component id="oc-114">
         <name>.debug_line</name>
         <load_address>0x341</load_address>
         <run_address>0x341</run_address>
         <size>0x6c</size>
         <input_file_ref idref="fl-2"/>
      </object_component>
      <object_component id="oc-41">
         <name>.debug_line</name>
         <load_address>0x3ad</load_address>
         <run_address>0x3ad</run_address>
         <size>0x20</size>
         <input_file_ref idref="fl-2"/>
      </object_component>
      <object_component id="oc-163">
         <name>.debug_line</name>
         <load_address>0x3cd</load_address>
         <run_address>0x3cd</run_address>
         <size>0x6a</size>
         <input_file_ref idref="fl-2"/>
      </object_component>
      <object_component id="oc-8b">
         <name>.debug_line</name>
         <load_address>0x437</load_address>
         <run_address>0x437</run_address>
         <size>0x6c</size>
         <input_file_ref idref="fl-2"/>
      </object_component>
      <object_component id="oc-11b">
         <name>.debug_line</name>
         <load_address>0x4a3</load_address>
         <run_address>0x4a3</run_address>
         <size>0x6d</size>
         <input_file_ref idref="fl-2"/>
      </object_component>
      <object_component id="oc-9c">
         <name>.debug_line</name>
         <load_address>0x510</load_address>
         <run_address>0x510</run_address>
         <size>0x6a</size>
         <input_file_ref idref="fl-2"/>
      </object_component>
      <object_component id="oc-10a">
         <name>.debug_line</name>
         <load_address>0x57a</load_address>
         <run_address>0x57a</run_address>
         <size>0x65</size>
         <input_file_ref idref="fl-2"/>
      </object_component>
      <object_component id="oc-90">
         <name>.debug_line</name>
         <load_address>0x5df</load_address>
         <run_address>0x5df</run_address>
         <size>0x7b</size>
         <input_file_ref idref="fl-2"/>
      </object_component>
      <object_component id="oc-239">
         <name>.debug_line</name>
         <load_address>0x65a</load_address>
         <run_address>0x65a</run_address>
         <size>0x65</size>
         <input_file_ref idref="fl-2"/>
      </object_component>
      <object_component id="oc-10f">
         <name>.debug_line</name>
         <load_address>0x6bf</load_address>
         <run_address>0x6bf</run_address>
         <size>0x68</size>
         <input_file_ref idref="fl-2"/>
      </object_component>
      <object_component id="oc-93">
         <name>.debug_line</name>
         <load_address>0x727</load_address>
         <run_address>0x727</run_address>
         <size>0x42</size>
         <input_file_ref idref="fl-3"/>
      </object_component>
      <object_component id="oc-36">
         <name>.debug_line</name>
         <load_address>0x769</load_address>
         <run_address>0x769</run_address>
         <size>0x42</size>
         <input_file_ref idref="fl-3"/>
      </object_component>
      <object_component id="oc-26">
         <name>.debug_line</name>
         <load_address>0x7ab</load_address>
         <run_address>0x7ab</run_address>
         <size>0xa2</size>
         <input_file_ref idref="fl-3"/>
      </object_component>
      <object_component id="oc-2bc">
         <name>.debug_line</name>
         <load_address>0x84d</load_address>
         <run_address>0x84d</run_address>
         <size>0x8e</size>
         <input_file_ref idref="fl-4"/>
      </object_component>
      <object_component id="oc-2af">
         <name>.debug_line</name>
         <load_address>0x8db</load_address>
         <run_address>0x8db</run_address>
         <size>0x57</size>
         <input_file_ref idref="fl-4"/>
      </object_component>
      <object_component id="oc-2ba">
         <name>.debug_line</name>
         <load_address>0x932</load_address>
         <run_address>0x932</run_address>
         <size>0x57</size>
         <input_file_ref idref="fl-4"/>
      </object_component>
      <object_component id="oc-2b1">
         <name>.debug_line</name>
         <load_address>0x989</load_address>
         <run_address>0x989</run_address>
         <size>0x57</size>
         <input_file_ref idref="fl-4"/>
      </object_component>
      <object_component id="oc-2ad">
         <name>.debug_line</name>
         <load_address>0x9e0</load_address>
         <run_address>0x9e0</run_address>
         <size>0x57</size>
         <input_file_ref idref="fl-4"/>
      </object_component>
      <object_component id="oc-152">
         <name>.debug_line</name>
         <load_address>0xa37</load_address>
         <run_address>0xa37</run_address>
         <size>0x2a8</size>
         <input_file_ref idref="fl-4"/>
      </object_component>
      <object_component id="oc-1fd">
         <name>.debug_line</name>
         <load_address>0xcdf</load_address>
         <run_address>0xcdf</run_address>
         <size>0x20</size>
         <input_file_ref idref="fl-4"/>
      </object_component>
      <object_component id="oc-2ea">
         <name>.debug_line</name>
         <load_address>0xcff</load_address>
         <run_address>0xcff</run_address>
         <size>0x157</size>
         <input_file_ref idref="fl-6"/>
      </object_component>
      <object_component id="oc-1a8">
         <name>.debug_line</name>
         <load_address>0xe56</load_address>
         <run_address>0xe56</run_address>
         <size>0x65</size>
         <input_file_ref idref="fl-6"/>
      </object_component>
      <object_component id="oc-1b2">
         <name>.debug_line</name>
         <load_address>0xebb</load_address>
         <run_address>0xebb</run_address>
         <size>0x6c</size>
         <input_file_ref idref="fl-6"/>
      </object_component>
      <object_component id="oc-2ee">
         <name>.debug_line</name>
         <load_address>0xf27</load_address>
         <run_address>0xf27</run_address>
         <size>0x70</size>
         <input_file_ref idref="fl-6"/>
      </object_component>
      <object_component id="oc-2f3">
         <name>.debug_line</name>
         <load_address>0xf97</load_address>
         <run_address>0xf97</run_address>
         <size>0x45</size>
         <input_file_ref idref="fl-6"/>
      </object_component>
      <object_component id="oc-280">
         <name>.debug_line</name>
         <load_address>0xfdc</load_address>
         <run_address>0xfdc</run_address>
         <size>0x20</size>
         <input_file_ref idref="fl-7"/>
      </object_component>
      <object_component id="oc-e4">
         <name>.debug_line</name>
         <load_address>0xffc</load_address>
         <run_address>0xffc</run_address>
         <size>0xf3</size>
         <input_file_ref idref="fl-7"/>
      </object_component>
      <object_component id="oc-2f6">
         <name>.debug_line</name>
         <load_address>0x10ef</load_address>
         <run_address>0x10ef</run_address>
         <size>0x175</size>
         <input_file_ref idref="fl-8"/>
      </object_component>
      <object_component id="oc-1cb">
         <name>.debug_line</name>
         <load_address>0x1264</load_address>
         <run_address>0x1264</run_address>
         <size>0x8fc</size>
         <input_file_ref idref="fl-8"/>
      </object_component>
      <object_component id="oc-2fa">
         <name>.debug_line</name>
         <load_address>0x1b60</load_address>
         <run_address>0x1b60</run_address>
         <size>0x3e</size>
         <input_file_ref idref="fl-8"/>
      </object_component>
      <object_component id="oc-288">
         <name>.debug_line</name>
         <load_address>0x1b9e</load_address>
         <run_address>0x1b9e</run_address>
         <size>0x69</size>
         <input_file_ref idref="fl-8"/>
      </object_component>
      <object_component id="oc-127">
         <name>.debug_line</name>
         <load_address>0x1c07</load_address>
         <run_address>0x1c07</run_address>
         <size>0x65</size>
         <input_file_ref idref="fl-9"/>
      </object_component>
      <object_component id="oc-1a4">
         <name>.debug_line</name>
         <load_address>0x1c6c</load_address>
         <run_address>0x1c6c</run_address>
         <size>0x19e</size>
         <input_file_ref idref="fl-a"/>
      </object_component>
      <object_component id="oc-d2">
         <name>.debug_line</name>
         <load_address>0x1e0a</load_address>
         <run_address>0x1e0a</run_address>
         <size>0x3e</size>
         <input_file_ref idref="fl-a"/>
      </object_component>
      <object_component id="oc-1c2">
         <name>.debug_line</name>
         <load_address>0x1e48</load_address>
         <run_address>0x1e48</run_address>
         <size>0x3e</size>
         <input_file_ref idref="fl-a"/>
      </object_component>
      <object_component id="oc-1e5">
         <name>.debug_line</name>
         <load_address>0x1e86</load_address>
         <run_address>0x1e86</run_address>
         <size>0x3e</size>
         <input_file_ref idref="fl-a"/>
      </object_component>
      <object_component id="oc-1e7">
         <name>.debug_line</name>
         <load_address>0x1ec4</load_address>
         <run_address>0x1ec4</run_address>
         <size>0x3e</size>
         <input_file_ref idref="fl-a"/>
      </object_component>
      <object_component id="oc-1c6">
         <name>.debug_line</name>
         <load_address>0x1f02</load_address>
         <run_address>0x1f02</run_address>
         <size>0x3e</size>
         <input_file_ref idref="fl-a"/>
      </object_component>
      <object_component id="oc-1e3">
         <name>.debug_line</name>
         <load_address>0x1f40</load_address>
         <run_address>0x1f40</run_address>
         <size>0x3e</size>
         <input_file_ref idref="fl-a"/>
      </object_component>
      <object_component id="oc-1c4">
         <name>.debug_line</name>
         <load_address>0x1f7e</load_address>
         <run_address>0x1f7e</run_address>
         <size>0x3e</size>
         <input_file_ref idref="fl-a"/>
      </object_component>
      <object_component id="oc-1c8">
         <name>.debug_line</name>
         <load_address>0x1fbc</load_address>
         <run_address>0x1fbc</run_address>
         <size>0x3e</size>
         <input_file_ref idref="fl-a"/>
      </object_component>
      <object_component id="oc-81">
         <name>.debug_line</name>
         <load_address>0x1ffa</load_address>
         <run_address>0x1ffa</run_address>
         <size>0xd00</size>
         <input_file_ref idref="fl-a"/>
      </object_component>
      <object_component id="oc-1ad">
         <name>.debug_line</name>
         <load_address>0x2cfa</load_address>
         <run_address>0x2cfa</run_address>
         <size>0x3e</size>
         <input_file_ref idref="fl-a"/>
      </object_component>
      <object_component id="oc-293">
         <name>.debug_line</name>
         <load_address>0x2d38</load_address>
         <run_address>0x2d38</run_address>
         <size>0x1a0</size>
         <input_file_ref idref="fl-b"/>
      </object_component>
      <object_component id="oc-28f">
         <name>.debug_line</name>
         <load_address>0x2ed8</load_address>
         <run_address>0x2ed8</run_address>
         <size>0x3f</size>
         <input_file_ref idref="fl-b"/>
      </object_component>
      <object_component id="oc-291">
         <name>.debug_line</name>
         <load_address>0x2f17</load_address>
         <run_address>0x2f17</run_address>
         <size>0x3f</size>
         <input_file_ref idref="fl-b"/>
      </object_component>
      <object_component id="oc-28d">
         <name>.debug_line</name>
         <load_address>0x2f56</load_address>
         <run_address>0x2f56</run_address>
         <size>0x3f</size>
         <input_file_ref idref="fl-b"/>
      </object_component>
      <object_component id="oc-28b">
         <name>.debug_line</name>
         <load_address>0x2f95</load_address>
         <run_address>0x2f95</run_address>
         <size>0x3f</size>
         <input_file_ref idref="fl-b"/>
      </object_component>
      <object_component id="oc-f7">
         <name>.debug_line</name>
         <load_address>0x2fd4</load_address>
         <run_address>0x2fd4</run_address>
         <size>0x44f</size>
         <input_file_ref idref="fl-b"/>
      </object_component>
      <object_component id="oc-1e0">
         <name>.debug_line</name>
         <load_address>0x3423</load_address>
         <run_address>0x3423</run_address>
         <size>0x3f</size>
         <input_file_ref idref="fl-b"/>
      </object_component>
      <object_component id="oc-106">
         <name>.debug_line</name>
         <load_address>0x3462</load_address>
         <run_address>0x3462</run_address>
         <size>0x9b</size>
         <input_file_ref idref="fl-c"/>
      </object_component>
      <object_component id="oc-da">
         <name>.debug_line</name>
         <load_address>0x34fd</load_address>
         <run_address>0x34fd</run_address>
         <size>0x53</size>
         <input_file_ref idref="fl-c"/>
      </object_component>
      <object_component id="oc-104">
         <name>.debug_line</name>
         <load_address>0x3550</load_address>
         <run_address>0x3550</run_address>
         <size>0x53</size>
         <input_file_ref idref="fl-c"/>
      </object_component>
      <object_component id="oc-33">
         <name>.debug_line</name>
         <load_address>0x35a3</load_address>
         <run_address>0x35a3</run_address>
         <size>0x155</size>
         <input_file_ref idref="fl-c"/>
      </object_component>
      <object_component id="oc-2e">
         <name>.debug_line</name>
         <load_address>0x36f8</load_address>
         <run_address>0x36f8</run_address>
         <size>0xe8</size>
         <input_file_ref idref="fl-d"/>
      </object_component>
      <object_component id="oc-27e">
         <name>.debug_line</name>
         <load_address>0x37e0</load_address>
         <run_address>0x37e0</run_address>
         <size>0x68</size>
         <input_file_ref idref="fl-f"/>
      </object_component>
      <object_component id="oc-27c">
         <name>.debug_line</name>
         <load_address>0x3848</load_address>
         <run_address>0x3848</run_address>
         <size>0x50</size>
         <input_file_ref idref="fl-f"/>
      </object_component>
      <object_component id="oc-275">
         <name>.debug_line</name>
         <load_address>0x3898</load_address>
         <run_address>0x3898</run_address>
         <size>0x50</size>
         <input_file_ref idref="fl-f"/>
      </object_component>
      <object_component id="oc-273">
         <name>.debug_line</name>
         <load_address>0x38e8</load_address>
         <run_address>0x38e8</run_address>
         <size>0x50</size>
         <input_file_ref idref="fl-f"/>
      </object_component>
      <object_component id="oc-e0">
         <name>.debug_line</name>
         <load_address>0x3938</load_address>
         <run_address>0x3938</run_address>
         <size>0x1ac</size>
         <input_file_ref idref="fl-f"/>
      </object_component>
      <object_component id="oc-279">
         <name>.debug_line</name>
         <load_address>0x3ae4</load_address>
         <run_address>0x3ae4</run_address>
         <size>0x50</size>
         <input_file_ref idref="fl-f"/>
      </object_component>
      <object_component id="oc-230">
         <name>.debug_line</name>
         <load_address>0x3b34</load_address>
         <run_address>0x3b34</run_address>
         <size>0x5b</size>
         <input_file_ref idref="fl-ca"/>
      </object_component>
      <object_component id="oc-47">
         <name>.debug_line</name>
         <load_address>0x3b8f</load_address>
         <run_address>0x3b8f</run_address>
         <size>0x88</size>
         <input_file_ref idref="fl-cb"/>
      </object_component>
      <object_component id="oc-b7">
         <name>.debug_line</name>
         <load_address>0x3c17</load_address>
         <run_address>0x3c17</run_address>
         <size>0x79</size>
         <input_file_ref idref="fl-cc"/>
      </object_component>
      <object_component id="oc-12a">
         <name>.debug_line</name>
         <load_address>0x3c90</load_address>
         <run_address>0x3c90</run_address>
         <size>0x9e</size>
         <input_file_ref idref="fl-cd"/>
      </object_component>
      <object_component id="oc-5a">
         <name>.debug_line</name>
         <load_address>0x3d2e</load_address>
         <run_address>0x3d2e</run_address>
         <size>0x4f</size>
         <input_file_ref idref="fl-cd"/>
      </object_component>
      <object_component id="oc-b0">
         <name>.debug_line</name>
         <load_address>0x3d7d</load_address>
         <run_address>0x3d7d</run_address>
         <size>0x34</size>
         <input_file_ref idref="fl-cd"/>
      </object_component>
      <object_component id="oc-ab">
         <name>.debug_line</name>
         <load_address>0x3db1</load_address>
         <run_address>0x3db1</run_address>
         <size>0x20</size>
         <input_file_ref idref="fl-ce"/>
      </object_component>
      <object_component id="oc-1c">
         <name>.debug_line</name>
         <load_address>0x3dd1</load_address>
         <run_address>0x3dd1</run_address>
         <size>0x55</size>
         <input_file_ref idref="fl-ce"/>
      </object_component>
      <object_component id="oc-4c">
         <name>.debug_line</name>
         <load_address>0x3e26</load_address>
         <run_address>0x3e26</run_address>
         <size>0x3a</size>
         <input_file_ref idref="fl-ce"/>
      </object_component>
      <object_component id="oc-a8">
         <name>.debug_line</name>
         <load_address>0x3e60</load_address>
         <run_address>0x3e60</run_address>
         <size>0x8a</size>
         <input_file_ref idref="fl-ce"/>
      </object_component>
      <object_component id="oc-123">
         <name>.debug_line</name>
         <load_address>0x3eea</load_address>
         <run_address>0x3eea</run_address>
         <size>0x20</size>
         <input_file_ref idref="fl-cf"/>
      </object_component>
      <object_component id="oc-16">
         <name>.debug_line</name>
         <load_address>0x3f0a</load_address>
         <run_address>0x3f0a</run_address>
         <size>0xa9</size>
         <input_file_ref idref="fl-cf"/>
      </object_component>
      <object_component id="oc-3c">
         <name>.debug_line</name>
         <load_address>0x3fb3</load_address>
         <run_address>0x3fb3</run_address>
         <size>0x3a</size>
         <input_file_ref idref="fl-cf"/>
      </object_component>
      <object_component id="oc-120">
         <name>.debug_line</name>
         <load_address>0x3fed</load_address>
         <run_address>0x3fed</run_address>
         <size>0x92</size>
         <input_file_ref idref="fl-cf"/>
      </object_component>
      <object_component id="oc-a1">
         <name>.debug_line</name>
         <load_address>0x407f</load_address>
         <run_address>0x407f</run_address>
         <size>0x8e</size>
         <input_file_ref idref="fl-cf"/>
      </object_component>
      <object_component id="oc-74">
         <name>.debug_line</name>
         <load_address>0x410d</load_address>
         <run_address>0x410d</run_address>
         <size>0x33</size>
         <input_file_ref idref="fl-d0"/>
      </object_component>
      <object_component id="oc-63">
         <name>.debug_line</name>
         <load_address>0x4140</load_address>
         <run_address>0x4140</run_address>
         <size>0x56</size>
         <input_file_ref idref="fl-d0"/>
      </object_component>
      <object_component id="oc-16a">
         <name>.debug_line</name>
         <load_address>0x4196</load_address>
         <run_address>0x4196</run_address>
         <size>0x3c</size>
         <input_file_ref idref="fl-d1"/>
      </object_component>
      <object_component id="oc-2b3">
         <name>.debug_line</name>
         <load_address>0x41d2</load_address>
         <run_address>0x41d2</run_address>
         <size>0x37</size>
         <input_file_ref idref="fl-d4"/>
      </object_component>
      <object_component id="oc-2d7">
         <name>.debug_line</name>
         <load_address>0x4209</load_address>
         <run_address>0x4209</run_address>
         <size>0xb7</size>
         <input_file_ref idref="fl-d5"/>
      </object_component>
      <object_component id="oc-176">
         <name>.debug_line</name>
         <load_address>0x42c0</load_address>
         <run_address>0x42c0</run_address>
         <size>0x6c</size>
         <input_file_ref idref="fl-d5"/>
      </object_component>
      <object_component id="oc-2db">
         <name>.debug_line</name>
         <load_address>0x432c</load_address>
         <run_address>0x432c</run_address>
         <size>0x2e</size>
         <input_file_ref idref="fl-d5"/>
      </object_component>
      <object_component id="oc-308">
         <name>.debug_line</name>
         <load_address>0x435a</load_address>
         <run_address>0x435a</run_address>
         <size>0x92</size>
         <input_file_ref idref="fl-d5"/>
      </object_component>
      <object_component id="oc-2e0">
         <name>.debug_line</name>
         <load_address>0x43ec</load_address>
         <run_address>0x43ec</run_address>
         <size>0x8f</size>
         <input_file_ref idref="fl-d5"/>
      </object_component>
      <object_component id="oc-2e5">
         <name>.debug_line</name>
         <load_address>0x447b</load_address>
         <run_address>0x447b</run_address>
         <size>0x8b</size>
         <input_file_ref idref="fl-d5"/>
      </object_component>
      <object_component id="oc-ba">
         <name>.debug_line</name>
         <load_address>0x4506</load_address>
         <run_address>0x4506</run_address>
         <size>0x40</size>
         <input_file_ref idref="fl-d6"/>
      </object_component>
      <object_component id="oc-29d">
         <name>.debug_line</name>
         <load_address>0x4546</load_address>
         <run_address>0x4546</run_address>
         <size>0x82</size>
         <input_file_ref idref="fl-d8"/>
      </object_component>
      <object_component id="oc-29f">
         <name>.debug_line</name>
         <load_address>0x45c8</load_address>
         <run_address>0x45c8</run_address>
[...]
      </symbol>
      <symbol id="sm-23f">
         <name>vQueueDelete</name>
         <value>0x240b</value>
         <object_component_ref idref="oc-1c9"/>
      </symbol>
      <symbol id="sm-240">
         <name>xQueuePeek</name>
         <value>0x21b7</value>
         <object_component_ref idref="oc-1c9"/>
      </symbol>
      <symbol id="sm-241">
         <name>xQueueReceive</name>
         <value>0x1f41</value>
         <object_component_ref idref="oc-1c9"/>
      </symbol>
      <symbol id="sm-242">
         <name>pcQueueGetName</name>
         <value>0x26df</value>
         <object_component_ref idref="oc-1c9"/>
      </symbol>
      <symbol id="sm-243">
         <name>ucQueueGetQueueType</name>
         <value>0x2441</value>
         <object_component_ref idref="oc-1c9"/>
      </symbol>
      <symbol id="sm-42c">
         <name>vTaskDelay</name>
         <value>0x541</value>
         <object_component_ref idref="oc-7c"/>
      </symbol>
      <symbol id="sm-42d">
         <name>vTaskSuspendAll</name>
         <value>0xa35</value>
         <object_component_ref idref="oc-7c"/>
      </symbol>
      <symbol id="sm-42e">
         <name>vTaskPlaceOnEventList</name>
         <value>0xdfd</value>
         <object_component_ref idref="oc-7c"/>
      </symbol>
      <symbol id="sm-42f">
         <name>vTaskSetTaskNumber</name>
         <value>0x1059</value>
         <object_component_ref idref="oc-7c"/>
      </symbol>
      <symbol id="sm-430">
         <name>uxTaskPriorityGetFromISR</name>
         <value>0x641</value>
         <object_component_ref idref="oc-7c"/>
      </symbol>
      <symbol id="sm-431">
         <name>ulTaskNotifyTake</name>
         <value>0x1601</value>
         <object_component_ref idref="oc-7c"/>
      </symbol>
      <symbol id="sm-432">
         <name>pcTaskGetName</name>
         <value>0xb57</value>
         <object_component_ref idref="oc-7c"/>
      </symbol>
      <symbol id="sm-433">
         <name>xTaskCheckForTimeOut</name>
         <value>0xfa5</value>
         <object_component_ref idref="oc-7c"/>
      </symbol>
      <symbol id="sm-434">
         <name>vTaskRemoveFromUnorderedEventList</name>
         <value>0xef9</value>
         <object_component_ref idref="oc-7c"/>
      </symbol>
      <symbol id="sm-435">
         <name>vTaskPrioritySet</name>
         <value>0x68d</value>
         <object_component_ref idref="oc-7c"/>
      </symbol>
      <symbol id="sm-436">
         <name>xTaskPriorityDisinherit</name>
         <value>0x1445</value>
         <object_component_ref idref="oc-7c"/>
      </symbol>
      <symbol id="sm-437">
         <name>vTaskStartScheduler</name>
         <value>0x9bd</value>
         <object_component_ref idref="oc-7c"/>
      </symbol>
      <symbol id="sm-438">
         <name>vTaskInternalSetTimeOutState</name>
         <value>0xf83</value>
         <object_component_ref idref="oc-7c"/>
      </symbol>
      <symbol id="sm-439">
         <name>xTaskNotifyStateClear</name>
         <value>0x19cb</value>
         <object_component_ref idref="oc-7c"/>
      </symbol>
      <symbol id="sm-43a">
         <name>pvTaskIncrementMutexHeldCount</name>
         <value>0x15e3</value>
         <object_component_ref idref="oc-7c"/>
      </symbol>
      <symbol id="sm-43b">
         <name>xTaskGenericNotify</name>
         <value>0x1723</value>
         <object_component_ref idref="oc-7c"/>
      </symbol>
      <symbol id="sm-43c">
         <name>vTaskPriorityDisinheritAfterTimeout</name>
         <value>0x14e9</value>
         <object_component_ref idref="oc-7c"/>
      </symbol>
      <symbol id="sm-43d">
         <name>xTaskCreate</name>
         <value>0x209</value>
         <object_component_ref idref="oc-7c"/>
      </symbol>
      <symbol id="sm-43e">
         <name>vTaskDelayUntil</name>
         <value>0x4b1</value>
         <object_component_ref idref="oc-7c"/>
      </symbol>
      <symbol id="sm-43f">
         <name>uxTaskGetTaskNumber</name>
         <value>0x1035</value>
         <object_component_ref idref="oc-7c"/>
      </symbol>
      <symbol id="sm-440">
         <name>vTaskEndScheduler</name>
         <value>0xa19</value>
         <object_component_ref idref="oc-7c"/>
      </symbol>
      <symbol id="sm-441">
         <name>xTaskNotifyWait</name>
         <value>0x1681</value>
         <object_component_ref idref="oc-7c"/>
      </symbol>
      <symbol id="sm-442">
         <name>vTaskMissedYield</name>
         <value>0x1023</value>
         <object_component_ref idref="oc-7c"/>
      </symbol>
      <symbol id="sm-443">
         <name>uxTaskGetNumberOfTasks</name>
         <value>0xb51</value>
         <object_component_ref idref="oc-7c"/>
      </symbol>
      <symbol id="sm-444">
         <name>xTaskGenericNotifyFromISR</name>
         <value>0x180d</value>
         <object_component_ref idref="oc-7c"/>
      </symbol>
      <symbol id="sm-445">
         <name>vTaskGetInfo</name>
         <value>0x112d</value>
         <object_component_ref idref="oc-7c"/>
      </symbol>
      <symbol id="sm-446">
         <name>uxTaskPriorityGet</name>
         <value>0x611</value>
         <object_component_ref idref="oc-7c"/>
      </symbol>
      <symbol id="sm-447">
         <name>xTaskResumeAll</name>
         <value>0xa49</value>
         <object_component_ref idref="oc-7c"/>
      </symbol>
      <symbol id="sm-448">
         <name>xTaskGetTickCount</name>
         <value>0xb2d</value>
         <object_component_ref idref="oc-7c"/>
      </symbol>
      <symbol id="sm-449">
         <name>uxTaskGetSystemState</name>
         <value>0xb7d</value>
         <object_component_ref idref="oc-7c"/>
      </symbol>
      <symbol id="sm-44a">
         <name>vTaskDelete</name>
         <value>0x403</value>
         <object_component_ref idref="oc-7c"/>
      </symbol>
      <symbol id="sm-44b">
         <name>pxCurrentTCB</name>
         <value>0x2000c6a0</value>
         <object_component_ref idref="oc-76"/>
      </symbol>
      <symbol id="sm-44c">
         <name>vTaskNotifyGiveFromISR</name>
         <value>0x191d</value>
         <object_component_ref idref="oc-7c"/>
      </symbol>
      <symbol id="sm-44d">
         <name>eTaskGetState</name>
         <value>0x57d</value>
         <object_component_ref idref="oc-7c"/>
      </symbol>
      <symbol id="sm-44e">
         <name>vTaskSuspend</name>
         <value>0x7a5</value>
         <object_component_ref idref="oc-7c"/>
      </symbol>
      <symbol id="sm-44f">
         <name>xTaskGetTickCountFromISR</name>
         <value>0xb3d</value>
         <object_component_ref idref="oc-7c"/>
      </symbol>
      <symbol id="sm-450">
         <name>vTaskResume</name>
         <value>0x8b5</value>
         <object_component_ref idref="oc-7c"/>
      </symbol>
      <symbol id="sm-451">
         <name>vTaskPlaceOnEventListRestricted</name>
         <value>0xe43</value>
         <object_component_ref idref="oc-7c"/>
      </symbol>
      <symbol id="sm-452">
         <name>vTaskSetTimeOutState</name>
         <value>0xf65</value>
         <object_component_ref idref="oc-7c"/>
      </symbol>
      <symbol id="sm-453">
         <name>xTaskIncrementTick</name>
         <value>0xc71</value>
         <object_component_ref idref="oc-7c"/>
      </symbol>
      <symbol id="sm-454">
         <name>vTaskSwitchContext</name>
         <value>0xd95</value>
         <object_component_ref idref="oc-7c"/>
      </symbol>
      <symbol id="sm-455">
         <name>uxTaskResetEventItemValue</name>
         <value>0x15c1</value>
         <object_component_ref idref="oc-7c"/>
      </symbol>
      <symbol id="sm-456">
         <name>xTaskGetSchedulerState</name>
         <value>0x1319</value>
         <object_component_ref idref="oc-7c"/>
      </symbol>
      <symbol id="sm-457">
         <name>xTaskResumeFromISR</name>
         <value>0x92f</value>
         <object_component_ref idref="oc-7c"/>
      </symbol>
      <symbol id="sm-458">
         <name>xTaskGetCurrentTaskHandle</name>
         <value>0x12ff</value>
         <object_component_ref idref="oc-7c"/>
      </symbol>
      <symbol id="sm-459">
         <name>vTaskPlaceOnUnorderedEventList</name>
         <value>0xe19</value>
         <object_component_ref idref="oc-7c"/>
      </symbol>
      <symbol id="sm-45a">
         <name>xTaskRemoveFromEventList</name>
         <value>0xe7d</value>
         <object_component_ref idref="oc-7c"/>
      </symbol>
      <symbol id="sm-45b">
         <name>xTaskPriorityInherit</name>
         <value>0x1365</value>
         <object_component_ref idref="oc-7c"/>
      </symbol>
      <symbol id="sm-4e9">
         <name>vTimerSetTimerNumber</name>
         <value>0x2d2f</value>
         <object_component_ref idref="oc-f3"/>
      </symbol>
      <symbol id="sm-4ea">
         <name>xTimerGetTimerDaemonTaskHandle</name>
         <value>0x28d5</value>
         <object_component_ref idref="oc-f3"/>
      </symbol>
      <symbol id="sm-4eb">
         <name>pcTimerGetName</name>
         <value>0x2903</value>
         <object_component_ref idref="oc-f3"/>
      </symbol>
      <symbol id="sm-4ec">
         <name>xTimerCreateTimerTask</name>
         <value>0x27c9</value>
         <object_component_ref idref="oc-f3"/>
      </symbol>
      <symbol id="sm-4ed">
         <name>xTimerGetExpiryTime</name>
         <value>0x28ed</value>
         <object_component_ref idref="oc-f3"/>
      </symbol>
      <symbol id="sm-4ee">
         <name>uxTimerGetTimerNumber</name>
         <value>0x2d21</value>
         <object_component_ref idref="oc-f3"/>
      </symbol>
      <symbol id="sm-4ef">
         <name>xTimerIsTimerActive</name>
         <value>0x2cc1</value>
         <object_component_ref idref="oc-f3"/>
      </symbol>
      <symbol id="sm-4f0">
         <name>xTimerGetPeriod</name>
         <value>0x28db</value>
         <object_component_ref idref="oc-f3"/>
      </symbol>
      <symbol id="sm-4f1">
         <name>xTimerCreate</name>
         <value>0x27f5</value>
         <object_component_ref idref="oc-f3"/>
      </symbol>
      <symbol id="sm-4f2">
         <name>xTimerGenericCommand</name>
         <value>0x2869</value>
         <object_component_ref idref="oc-f3"/>
      </symbol>
      <symbol id="sm-4f3">
         <name>pvTimerGetTimerID</name>
         <value>0x2ced</value>
         <object_component_ref idref="oc-f3"/>
      </symbol>
      <symbol id="sm-4f4">
         <name>vTimerSetTimerID</name>
         <value>0x2d07</value>
         <object_component_ref idref="oc-f3"/>
      </symbol>
      <symbol id="sm-524">
         <name>ulMaxSyscallInterruptPriority</name>
         <value>0x44ac</value>
         <object_component_ref idref="oc-79"/>
      </symbol>
      <symbol id="sm-525">
         <name>vPortSetupTimerInterrupt</name>
         <value>0x39b7</value>
         <object_component_ref idref="oc-2f"/>
      </symbol>
      <symbol id="sm-526">
         <name>vPortEndScheduler</name>
         <value>0x3959</value>
         <object_component_ref idref="oc-2f"/>
      </symbol>
      <symbol id="sm-527">
         <name>xPortSysTickHandler</name>
         <value>0x3991</value>
         <object_component_ref idref="oc-2f"/>
      </symbol>
      <symbol id="sm-528">
         <name>pxPortInitialiseStack</name>
         <value>0x38b9</value>
         <object_component_ref idref="oc-2f"/>
      </symbol>
      <symbol id="sm-529">
         <name>vPortExitCritical</name>
         <value>0x397b</value>
         <object_component_ref idref="oc-2f"/>
      </symbol>
      <symbol id="sm-52a">
         <name>xPortStartScheduler</name>
         <value>0x3923</value>
         <object_component_ref idref="oc-2f"/>
      </symbol>
      <symbol id="sm-52b">
         <name>vPortEnterCritical</name>
         <value>0x395b</value>
         <object_component_ref idref="oc-2f"/>
      </symbol>
      <symbol id="sm-53a">
         <name>vPortStartFirstTask</name>
         <value>0x3cf9</value>
         <object_component_ref idref="oc-2a"/>
      </symbol>
      <symbol id="sm-53b">
         <name>ulPortGetIPSR</name>
         <value>0x3c61</value>
         <object_component_ref idref="oc-2a"/>
      </symbol>
      <symbol id="sm-53c">
         <name>vPortEnableVFP</name>
         <value>0x3d1d</value>
         <object_component_ref idref="oc-2a"/>
      </symbol>
      <symbol id="sm-53d">
         <name>xPortPendSVHandler</name>
         <value>0x3c79</value>
         <object_component_ref idref="oc-2a"/>
      </symbol>
      <symbol id="sm-53e">
         <name>vPortSVCHandler</name>
         <value>0x3cd9</value>
         <object_component_ref idref="oc-2a"/>
      </symbol>
      <symbol id="sm-58e">
         <name>vPortInitialiseBlocks</name>
         <value>0x3359</value>
         <object_component_ref idref="oc-db"/>
      </symbol>
      <symbol id="sm-58f">
         <name>xPortGetFreeHeapSize</name>
         <value>0x334d</value>
         <object_component_ref idref="oc-db"/>
      </symbol>
      <symbol id="sm-590">
         <name>pvPortMalloc</name>
         <value>0x31f9</value>
         <object_component_ref idref="oc-db"/>
      </symbol>
      <symbol id="sm-591">
         <name>vPortFree</name>
         <value>0x32fb</value>
         <object_component_ref idref="oc-db"/>
      </symbol>
      <symbol id="sm-592">
         <name>xPortGetMinimumEverFreeHeapSize</name>
         <value>0x3353</value>
         <object_component_ref idref="oc-db"/>
      </symbol>
      <symbol id="sm-5a1">
         <name>__aeabi_uidivmod</name>
         <value>0x3fc5</value>
         <object_component_ref idref="oc-22c"/>
      </symbol>
      <symbol id="sm-5a2">
         <name>__aeabi_uidiv</name>
         <value>0x3fc5</value>
         <object_component_ref idref="oc-22c"/>
      </symbol>
      <symbol id="sm-5bd">
         <name>memcpy</name>
         <value>0x3d2b</value>
         <object_component_ref idref="oc-43"/>
      </symbol>
      <symbol id="sm-5be">
         <name>__aeabi_memcpy</name>
         <value>0x3d2b</value>
         <object_component_ref idref="oc-43"/>
      </symbol>
      <symbol id="sm-5bf">
         <name>__aeabi_memcpy8</name>
         <value>0x3d2b</value>
         <object_component_ref idref="oc-43"/>
      </symbol>
      <symbol id="sm-5c0">
         <name>__aeabi_memcpy4</name>
         <value>0x3d2b</value>
         <object_component_ref idref="oc-43"/>
      </symbol>
      <symbol id="sm-5cf">
         <name>__aeabi_memset</name>
         <value>0x3dc9</value>
         <object_component_ref idref="oc-b3"/>
      </symbol>
      <symbol id="sm-5d0">
         <name>memset</name>
         <value>0x3dcf</value>
         <object_component_ref idref="oc-b3"/>
      </symbol>
      <symbol id="sm-5d1">
         <name>__aeabi_memset8</name>
         <value>0x3dc9</value>
         <object_component_ref idref="oc-b3"/>
      </symbol>
      <symbol id="sm-5d2">
         <name>__aeabi_memset4</name>
         <value>0x3dc9</value>
         <object_component_ref idref="oc-b3"/>
      </symbol>
      <symbol id="sm-5d3">
         <name>__aeabi_memclr8</name>
         <value>0x3dc7</value>
         <object_component_ref idref="oc-b3"/>
      </symbol>
      <symbol id="sm-5d4">
         <name>__aeabi_memclr4</name>
         <value>0x3dc7</value>
         <object_component_ref idref="oc-b3"/>
      </symbol>
      <symbol id="sm-5d5">
         <name>__aeabi_memclr</name>
         <value>0x3dc7</value>
         <object_component_ref idref="oc-b3"/>
      </symbol>
      <symbol id="sm-5e7">
         <name>__TI_zero_init</name>
         <value>0x4161</value>
         <object_component_ref idref="oc-55"/>
      </symbol>
      <symbol id="sm-5fe">
         <name>__TI_decompress_none</name>
         <value>0x4153</value>
         <object_component_ref idref="oc-18"/>
      </symbol>
      <symbol id="sm-621">
         <name>__TI_decompress_lzss</name>
         <value>0x3e41</value>
         <object_component_ref idref="oc-12"/>
      </symbol>
      <symbol id="sm-634">
         <name>__stack</name>
         <value>0x2000c4a0</value>
         <object_component_ref idref="oc-21"/>
      </symbol>
      <symbol id="sm-635">
         <name>_c_int00_noargs</name>
         <value>0x403d</value>
         <object_component_ref idref="oc-61"/>
      </symbol>
      <symbol id="sm-640">
         <name>C$$EXIT</name>
         <value>0x4197</value>
         <object_component_ref idref="oc-165"/>
      </symbol>
      <symbol id="sm-641">
         <name>abort</name>
         <value>0x4197</value>
         <object_component_ref idref="oc-165"/>
      </symbol>
      <symbol id="sm-64d">
         <name>__aeabi_idiv0</name>
         <value>0x3f7f</value>
         <object_component_ref idref="oc-2b2"/>
      </symbol>
      <symbol id="sm-64e">
         <name>__aeabi_ldiv0</name>
         <value>0x3f7f</value>
         <object_component_ref idref="oc-2b2"/>
      </symbol>
      <symbol id="sm-676">
         <name>__TI_auto_init_nobinit_nopinit</name>
         <value>0x3f81</value>
         <object_component_ref idref="oc-171"/>
      </symbol>
      <symbol id="sm-680">
         <name>_system_pre_init</name>
         <value>0x4193</value>
         <object_component_ref idref="oc-b9"/>
      </symbol>
      <symbol id="sm-6c8">
         <name>GPIOPinConfigure</name>
         <value>0x3ea9</value>
         <object_component_ref idref="oc-145"/>
      </symbol>
      <symbol id="sm-6c9">
         <name>GPIOPinTypeUART</name>
         <value>0x4141</value>
         <object_component_ref idref="oc-14b"/>
      </symbol>
      <symbol id="sm-6ca">
         <name>GPIOPinTypeGPIOOutput</name>
         <value>0x4115</value>
         <object_component_ref idref="oc-133"/>
      </symbol>
      <symbol id="sm-6cb">
         <name>GPIODirModeSet</name>
         <value>0x40a9</value>
         <object_component_ref idref="oc-1f1"/>
      </symbol>
      <symbol id="sm-6cc">
         <name>GPIOPinWrite</name>
         <value>0x418d</value>
         <object_component_ref idref="oc-13f"/>
      </symbol>
      <symbol id="sm-6cd">
         <name>GPIOPadConfigSet</name>
         <value>0x39f5</value>
         <object_component_ref idref="oc-139"/>
      </symbol>
      <symbol id="sm-748">
         <name>SysCtlPeripheralPresent</name>
         <value>0x4005</value>
         <object_component_ref idref="oc-205"/>
      </symbol>
      <symbol id="sm-749">
         <name>SysCtlPeripheralEnable</name>
         <value>0x4075</value>
         <object_component_ref idref="oc-12d"/>
      </symbol>
      <symbol id="sm-74a">
         <name>SysCtlClockFreqSet</name>
         <value>0x36b9</value>
         <object_component_ref idref="oc-157"/>
      </symbol>
      <symbol id="sm-77d">
         <name>UARTConfigSetExpClk</name>
         <value>0x3f39</value>
         <object_component_ref idref="oc-20b"/>
      </symbol>
      <symbol id="sm-77e">
         <name>UARTDisable</name>
         <value>0x40d5</value>
         <object_component_ref idref="oc-2a1"/>
      </symbol>
      <symbol id="sm-77f">
         <name>UARTCharPut</name>
         <value>0x4183</value>
         <object_component_ref idref="oc-217"/>
      </symbol>
      <symbol id="sm-780">
         <name>UARTEnable</name>
         <value>0x412d</value>
         <object_component_ref idref="oc-211"/>
      </symbol>
      <symbol id="sm-781">
         <name>UARTCharGet</name>
         <value>0x4179</value>
         <object_component_ref idref="oc-21d"/>
      </symbol>
      <symbol id="sm-783">
         <name>__TI_static_base__</name>
         <value>0x0</value>
      </symbol>
      <symbol id="sm-786">
         <name>__mpu_init</name>
         <value>0x0</value>
      </symbol>
      <symbol id="sm-787">
         <name>_system_post_cinit</name>
         <value>0x0</value>
      </symbol>
   </symbol_table>
   <title>Link successful</title>
</link_info>
